
[7m[1m[36m RUN [39m[22m[27m [36mv0.31.4[39m [90mD:/35000/Code repository/CS3604_software/10.13/frontend[39m

node.exe : [90mstderr[2m | test/components/LoginForm.test.tsx[2m > [22m[2mLoginForm[2m > [22m[2m搴旇楠岃瘉鎵嬫満鍙锋牸寮忥紝鏍煎紡閿欒鏃舵樉绀?璇疯緭鍏ユ纭殑鎵嬫満鍙风爜"[22m[39m
所在位置 行:1 字符: 1
+ & "D:\Program Files\nodejs/node.exe" "D:\Program Files\nodejs/node_mo ...
+ ~~~~~~~~~~~~~~~~~~~~~~~~~~~~~~~~~~~~~~~~~~~~~~~~~~~~~~~~~~~~~~~~~~~~~
    + CategoryInfo          : NotSpecified: ([90mstderr[2m...満鍙风爜"[22m[39m:String) [], RemoteException
    + FullyQualifiedErrorId : NativeCommandError
 
Warning: An update to LoginForm inside a test was not wrapped in act(...).

When testing, code that causes React state updates should be wrapped into act(...):

act(() => {
  /* fire events that update state */
});
/* assert on the output */

This ensures that you're testing the behavior the user would see in the browser. Learn more at https://reactjs.org/link/wrap-tests-with-act
    at LoginForm (D:\35000\Code repository\CS3604_software\10.13\frontend\src\components\LoginForm.tsx:7:22)

[90mstderr[2m | test/components/LoginForm.test.tsx[2m > [22m[2mLoginForm[2m > [22m[2m搴旇楠岃瘉鎵嬫満鍙锋牸寮忥紝鏍煎紡閿欒鏃舵樉绀?璇疯緭鍏ユ纭殑鎵嬫満鍙风爜"[22m[39m
Warning: An update to LoginForm inside a test was not wrapped in act(...).

When testing, code that causes React state updates should be wrapped into act(...):

act(() => {
  /* fire events that update state */
});
/* assert on the output */

This ensures that you're testing the behavior the user would see in the browser. Learn more at https://reactjs.org/link/wrap-tests-with-act
    at LoginForm (D:\35000\Code repository\CS3604_software\10.13\frontend\src\components\LoginForm.tsx:7:22)

[90mstderr[2m | test/components/LoginForm.test.tsx[2m > [22m[2mLoginForm[2m > [22m[2m搴旇楠岃瘉鎵嬫満鍙锋牸寮忥紝鏍煎紡閿欒鏃舵樉绀?璇疯緭鍏ユ纭殑鎵嬫満鍙风爜"[22m[39m
Warning: An update to LoginForm inside a test was not wrapped in act(...).

When testing, code that causes React state updates should be wrapped into act(...):

act(() => {
  /* fire events that update state */
});
/* assert on the output */

This ensures that you're testing the behavior the user would see in the browser. Learn more at https://reactjs.org/link/wrap-tests-with-act
    at LoginForm (D:\35000\Code repository\CS3604_software\10.13\frontend\src\components\LoginForm.tsx:7:22)

[90mstderr[2m | test/components/LoginForm.test.tsx[2m > [22m[2mLoginForm[2m > [22m[2m搴旇楠岃瘉鎵嬫満鍙锋牸寮忥紝鏍煎紡閿欒鏃舵樉绀?璇疯緭鍏ユ纭殑鎵嬫満鍙风爜"[22m[39m
Warning: An update to LoginForm inside a test was not wrapped in act(...).

When testing, code that causes React state updates should be wrapped into act(...):

act(() => {
  /* fire events that update state */
});
/* assert on the output */

This ensures that you're testing the behavior the user would see in the browser. Learn more at https://reactjs.org/link/wrap-tests-with-act
    at LoginForm (D:\35000\Code repository\CS3604_software\10.13\frontend\src\components\LoginForm.tsx:7:22)

[90mstderr[2m | test/components/LoginForm.test.tsx[2m > [22m[2mLoginForm[2m > [22m[2m鑾峰彇楠岃瘉鐮佸悗锛屾寜閽簲璇ヨ繘鍏?0绉掑€掕鏃朵笖涓嶅彲鐐瑰嚮[22m[39m
Warning: An update to LoginForm inside a test was not wrapped in act(...).

When testing, code that causes React state updates should be wrapped into act(...):

act(() => {
  /* fire events that update state */
});
/* assert on the output */

This ensures that you're testing the behavior the user would see in the browser. Learn more at https://reactjs.org/link/wrap-tests-with-act
    at LoginForm (D:\35000\Code repository\CS3604_software\10.13\frontend\src\components\LoginForm.tsx:7:22)

[90mstderr[2m | test/components/LoginForm.test.tsx[2m > [22m[2mLoginForm[2m > [22m[2m鑾峰彇楠岃瘉鐮佸悗锛屾寜閽簲璇ヨ繘鍏?0绉掑€掕鏃朵笖涓嶅彲鐐瑰嚮[22m[39m
Warning: An update to LoginForm inside a test was not wrapped in act(...).

When testing, code that causes React state updates should be wrapped into act(...):

act(() => {
  /* fire events that update state */
});
/* assert on the output */

This ensures that you're testing the behavior the user would see in the browser. Learn more at https://reactjs.org/link/wrap-tests-with-act
    at LoginForm (D:\35000\Code repository\CS3604_software\10.13\frontend\src\components\LoginForm.tsx:7:22)

[90mstderr[2m | test/components/LoginForm.test.tsx[2m > [22m[2mLoginForm[2m > [22m[2m鑾峰彇楠岃瘉鐮佸悗锛屾寜閽簲璇ヨ繘鍏?0绉掑€掕鏃朵笖涓嶅彲鐐瑰嚮[22m[39m
Warning: An update to LoginForm inside a test was not wrapped in act(...).

When testing, code that causes React state updates should be wrapped into act(...):

act(() => {
  /* fire events that update state */
});
/* assert on the output */

This ensures that you're testing the behavior the user would see in the browser. Learn more at https://reactjs.org/link/wrap-tests-with-act
    at LoginForm (D:\35000\Code repository\CS3604_software\10.13\frontend\src\components\LoginForm.tsx:7:22)

[90mstderr[2m | test/components/LoginForm.test.tsx[2m > [22m[2mLoginForm[2m > [22m[2m鑾峰彇楠岃瘉鐮佸悗锛屾寜閽簲璇ヨ繘鍏?0绉掑€掕鏃朵笖涓嶅彲鐐瑰嚮[22m[39m
Warning: An update to LoginForm inside a test was not wrapped in act(...).

When testing, code that causes React state updates should be wrapped into act(...):

act(() => {
  /* fire events that update state */
});
/* assert on the output */

This ensures that you're testing the behavior the user would see in the browser. Learn more at https://reactjs.org/link/wrap-tests-with-act
    at LoginForm (D:\35000\Code repository\CS3604_software\10.13\frontend\src\components\LoginForm.tsx:7:22)

[90mstderr[2m | test/components/LoginForm.test.tsx[2m > [22m[2mLoginForm[2m > [22m[2m鑾峰彇楠岃瘉鐮佸悗锛屾寜閽簲璇ヨ繘鍏?0绉掑€掕鏃朵笖涓嶅彲鐐瑰嚮[22m[39m
Warning: An update to LoginForm inside a test was not wrapped in act(...).

When testing, code that causes React state updates should be wrapped into act(...):

act(() => {
  /* fire events that update state */
});
/* assert on the output */

This ensures that you're testing the behavior the user would see in the browser. Learn more at https://reactjs.org/link/wrap-tests-with-act
    at LoginForm (D:\35000\Code repository\CS3604_software\10.13\frontend\src\components\LoginForm.tsx:7:22)

[90mstderr[2m | test/components/LoginForm.test.tsx[2m > [22m[2mLoginForm[2m > [22m[2m鑾峰彇楠岃瘉鐮佸悗锛屾寜閽簲璇ヨ繘鍏?0绉掑€掕鏃朵笖涓嶅彲鐐瑰嚮[22m[39m
Warning: An update to LoginForm inside a test was not wrapped in act(...).

When testing, code that causes React state updates should be wrapped into act(...):

act(() => {
  /* fire events that update state */
});
/* assert on the output */

This ensures that you're testing the behavior the user would see in the browser. Learn more at https://reactjs.org/link/wrap-tests-with-act
    at LoginForm (D:\35000\Code repository\CS3604_software\10.13\frontend\src\components\LoginForm.tsx:7:22)

[90mstderr[2m | test/components/LoginForm.test.tsx[2m > [22m[2mLoginForm[2m > [22m[2m鑾峰彇楠岃瘉鐮佸悗锛屾寜閽簲璇ヨ繘鍏?0绉掑€掕鏃朵笖涓嶅彲鐐瑰嚮[22m[39m
Warning: An update to LoginForm inside a test was not wrapped in act(...).

When testing, code that causes React state updates should be wrapped into act(...):

act(() => {
  /* fire events that update state */
});
/* assert on the output */

This ensures that you're testing the behavior the user would see in the browser. Learn more at https://reactjs.org/link/wrap-tests-with-act
    at LoginForm (D:\35000\Code repository\CS3604_software\10.13\frontend\src\components\LoginForm.tsx:7:22)

[90mstderr[2m | test/components/LoginForm.test.tsx[2m > [22m[2mLoginForm[2m > [22m[2m鑾峰彇楠岃瘉鐮佸悗锛屾寜閽簲璇ヨ繘鍏?0绉掑€掕鏃朵笖涓嶅彲鐐瑰嚮[22m[39m
Warning: An update to LoginForm inside a test was not wrapped in act(...).

When testing, code that causes React state updates should be wrapped into act(...):

act(() => {
  /* fire events that update state */
});
/* assert on the output */

This ensures that you're testing the behavior the user would see in the browser. Learn more at https://reactjs.org/link/wrap-tests-with-act
    at LoginForm (D:\35000\Code repository\CS3604_software\10.13\frontend\src\components\LoginForm.tsx:7:22)

[90mstderr[2m | test/components/LoginForm.test.tsx[2m > [22m[2mLoginForm[2m > [22m[2m鑾峰彇楠岃瘉鐮佸悗锛屾寜閽簲璇ヨ繘鍏?0绉掑€掕鏃朵笖涓嶅彲鐐瑰嚮[22m[39m
Warning: An update to LoginForm inside a test was not wrapped in act(...).

When testing, code that causes React state updates should be wrapped into act(...):

act(() => {
  /* fire events that update state */
});
/* assert on the output */

This ensures that you're testing the behavior the user would see in the browser. Learn more at https://reactjs.org/link/wrap-tests-with-act
    at LoginForm (D:\35000\Code repository\CS3604_software\10.13\frontend\src\components\LoginForm.tsx:7:22)

[90mstderr[2m | test/components/LoginForm.test.tsx[2m > [22m[2mLoginForm[2m > [22m[2m鑾峰彇楠岃瘉鐮佸悗锛屾寜閽簲璇ヨ繘鍏?0绉掑€掕鏃朵笖涓嶅彲鐐瑰嚮[22m[39m
Warning: An update to LoginForm inside a test was not wrapped in act(...).

When testing, code that causes React state updates should be wrapped into act(...):

act(() => {
  /* fire events that update state */
});
/* assert on the output */

This ensures that you're testing the behavior the user would see in the browser. Learn more at https://reactjs.org/link/wrap-tests-with-act
    at LoginForm (D:\35000\Code repository\CS3604_software\10.13\frontend\src\components\LoginForm.tsx:7:22)

[90mstderr[2m | test/components/LoginForm.test.tsx[2m > [22m[2mLoginForm[2m > [22m[2m鑾峰彇楠岃瘉鐮佸悗锛屾寜閽簲璇ヨ繘鍏?0绉掑€掕鏃朵笖涓嶅彲鐐瑰嚮[22m[39m
Warning: An update to LoginForm inside a test was not wrapped in act(...).

When testing, code that causes React state updates should be wrapped into act(...):

act(() => {
  /* fire events that update state */
});
/* assert on the output */

This ensures that you're testing the behavior the user would see in the browser. Learn more at https://reactjs.org/link/wrap-tests-with-act
    at LoginForm (D:\35000\Code repository\CS3604_software\10.13\frontend\src\components\LoginForm.tsx:7:22)

[90mstderr[2m | test/components/LoginForm.test.tsx[2m > [22m[2mLoginForm[2m > [22m[2m鑾峰彇楠岃瘉鐮佸悗锛屾寜閽簲璇ヨ繘鍏?0绉掑€掕鏃朵笖涓嶅彲鐐瑰嚮[22m[39m
Warning: An update to LoginForm inside a test was not wrapped in act(...).

When testing, code that causes React state updates should be wrapped into act(...):

act(() => {
  /* fire events that update state */
});
/* assert on the output */

This ensures that you're testing the behavior the user would see in the browser. Learn more at https://reactjs.org/link/wrap-tests-with-act
    at LoginForm (D:\35000\Code repository\CS3604_software\10.13\frontend\src\components\LoginForm.tsx:7:22)
Warning: An update to LoginForm inside a test was not wrapped in act(...).

When testing, code that causes React state updates should be wrapped into act(...):

act(() => {
  /* fire events that update state */
});
/* assert on the output */

This ensures that you're testing the behavior the user would see in the browser. Learn more at https://reactjs.org/link/wrap-tests-with-act
    at LoginForm (D:\35000\Code repository\CS3604_software\10.13\frontend\src\components\LoginForm.tsx:7:22)
Warning: An update to LoginForm inside a test was not wrapped in act(...).

When testing, code that causes React state updates should be wrapped into act(...):

act(() => {
  /* fire events that update state */
});
/* assert on the output */

This ensures that you're testing the behavior the user would see in the browser. Learn more at https://reactjs.org/link/wrap-tests-with-act
    at LoginForm (D:\35000\Code repository\CS3604_software\10.13\frontend\src\components\LoginForm.tsx:7:22)

[90mstderr[2m | test/components/LoginForm.test.tsx[2m > [22m[2mLoginForm[2m > [22m[2m鐧诲綍鏃跺簲璇ユ樉绀哄姞杞界姸鎬侊紝鎸夐挳鍙樹负涓嶅彲鐐瑰嚮[22m[39m
Warning: An update to LoginForm inside a test was not wrapped in act(...).

When testing, code that causes React state updates should be wrapped into act(...):

act(() => {
  /* fire events that update state */
});
/* assert on the output */

This ensures that you're testing the behavior the user would see in the browser. Learn more at https://reactjs.org/link/wrap-tests-with-act
    at LoginForm (D:\35000\Code repository\CS3604_software\10.13\frontend\src\components\LoginForm.tsx:7:22)

[90mstderr[2m | test/components/LoginForm.test.tsx[2m > [22m[2mLoginForm[2m > [22m[2m鐧诲綍鏃跺簲璇ユ樉绀哄姞杞界姸鎬侊紝鎸夐挳鍙樹负涓嶅彲鐐瑰嚮[22m[39m
Warning: An update to LoginForm inside a test was not wrapped in act(...).

When testing, code that causes React state updates should be wrapped into act(...):

act(() => {
  /* fire events that update state */
});
/* assert on the output */

This ensures that you're testing the behavior the user would see in the browser. Learn more at https://reactjs.org/link/wrap-tests-with-act
    at LoginForm (D:\35000\Code repository\CS3604_software\10.13\frontend\src\components\LoginForm.tsx:7:22)

[90mstderr[2m | test/components/LoginForm.test.tsx[2m > [22m[2mLoginForm[2m > [22m[2m鐧诲綍鏃跺簲璇ユ樉绀哄姞杞界姸鎬侊紝鎸夐挳鍙樹负涓嶅彲鐐瑰嚮[22m[39m
Warning: An update to LoginForm inside a test was not wrapped in act(...).

When testing, code that causes React state updates should be wrapped into act(...):

act(() => {
  /* fire events that update state */
});
/* assert on the output */

This ensures that you're testing the behavior the user would see in the browser. Learn more at https://reactjs.org/link/wrap-tests-with-act
    at LoginForm (D:\35000\Code repository\CS3604_software\10.13\frontend\src\components\LoginForm.tsx:7:22)

[90mstderr[2m | test/components/LoginForm.test.tsx[2m > [22m[2mLoginForm[2m > [22m[2m鐧诲綍鏃跺簲璇ユ樉绀哄姞杞界姸鎬侊紝鎸夐挳鍙樹负涓嶅彲鐐瑰嚮[22m[39m
Warning: An update to LoginForm inside a test was not wrapped in act(...).

When testing, code that causes React state updates should be wrapped into act(...):

act(() => {
  /* fire events that update state */
});
/* assert on the output */

This ensures that you're testing the behavior the user would see in the browser. Learn more at https://reactjs.org/link/wrap-tests-with-act
    at LoginForm (D:\35000\Code repository\CS3604_software\10.13\frontend\src\components\LoginForm.tsx:7:22)

[90mstderr[2m | test/components/LoginForm.test.tsx[2m > [22m[2mLoginForm[2m > [22m[2m鐧诲綍鏃跺簲璇ユ樉绀哄姞杞界姸鎬侊紝鎸夐挳鍙樹负涓嶅彲鐐瑰嚮[22m[39m
Warning: An update to LoginForm inside a test was not wrapped in act(...).

When testing, code that causes React state updates should be wrapped into act(...):

act(() => {
  /* fire events that update state */
});
/* assert on the output */

This ensures that you're testing the behavior the user would see in the browser. Learn more at https://reactjs.org/link/wrap-tests-with-act
    at LoginForm (D:\35000\Code repository\CS3604_software\10.13\frontend\src\components\LoginForm.tsx:7:22)

[90mstderr[2m | test/components/LoginForm.test.tsx[2m > [22m[2mLoginForm[2m > [22m[2m鐧诲綍鏃跺簲璇ユ樉绀哄姞杞界姸鎬侊紝鎸夐挳鍙樹负涓嶅彲鐐瑰嚮[22m[39m
Warning: An update to LoginForm inside a test was not wrapped in act(...).

When testing, code that causes React state updates should be wrapped into act(...):

act(() => {
  /* fire events that update state */
});
/* assert on the output */

This ensures that you're testing the behavior the user would see in the browser. Learn more at https://reactjs.org/link/wrap-tests-with-act
    at LoginForm (D:\35000\Code repository\CS3604_software\10.13\frontend\src\components\LoginForm.tsx:7:22)

[90mstderr[2m | test/components/LoginForm.test.tsx[2m > [22m[2mLoginForm[2m > [22m[2m鐧诲綍鏃跺簲璇ユ樉绀哄姞杞界姸鎬侊紝鎸夐挳鍙樹负涓嶅彲鐐瑰嚮[22m[39m
Warning: An update to LoginForm inside a test was not wrapped in act(...).

When testing, code that causes React state updates should be wrapped into act(...):

act(() => {
  /* fire events that update state */
});
/* assert on the output */

This ensures that you're testing the behavior the user would see in the browser. Learn more at https://reactjs.org/link/wrap-tests-with-act
    at LoginForm (D:\35000\Code repository\CS3604_software\10.13\frontend\src\components\LoginForm.tsx:7:22)

[90mstderr[2m | test/components/LoginForm.test.tsx[2m > [22m[2mLoginForm[2m > [22m[2m鐧诲綍鏃跺簲璇ユ樉绀哄姞杞界姸鎬侊紝鎸夐挳鍙樹负涓嶅彲鐐瑰嚮[22m[39m
Warning: An update to LoginForm inside a test was not wrapped in act(...).

When testing, code that causes React state updates should be wrapped into act(...):

act(() => {
  /* fire events that update state */
});
/* assert on the output */

This ensures that you're testing the behavior the user would see in the browser. Learn more at https://reactjs.org/link/wrap-tests-with-act
    at LoginForm (D:\35000\Code repository\CS3604_software\10.13\frontend\src\components\LoginForm.tsx:7:22)

[90mstderr[2m | test/components/LoginForm.test.tsx[2m > [22m[2mLoginForm[2m > [22m[2m鐧诲綍鏃跺簲璇ユ樉绀哄姞杞界姸鎬侊紝鎸夐挳鍙樹负涓嶅彲鐐瑰嚮[22m[39m
Warning: An update to LoginForm inside a test was not wrapped in act(...).

When testing, code that causes React state updates should be wrapped into act(...):

act(() => {
  /* fire events that update state */
});
/* assert on the output */

This ensures that you're testing the behavior the user would see in the browser. Learn more at https://reactjs.org/link/wrap-tests-with-act
    at LoginForm (D:\35000\Code repository\CS3604_software\10.13\frontend\src\components\LoginForm.tsx:7:22)

[90mstderr[2m | test/components/LoginForm.test.tsx[2m > [22m[2mLoginForm[2m > [22m[2m鐧诲綍鏃跺簲璇ユ樉绀哄姞杞界姸鎬侊紝鎸夐挳鍙樹负涓嶅彲鐐瑰嚮[22m[39m
Warning: An update to LoginForm inside a test was not wrapped in act(...).

When testing, code that causes React state updates should be wrapped into act(...):

act(() => {
  /* fire events that update state */
});
/* assert on the output */

This ensures that you're testing the behavior the user would see in the browser. Learn more at https://reactjs.org/link/wrap-tests-with-act
    at LoginForm (D:\35000\Code repository\CS3604_software\10.13\frontend\src\components\LoginForm.tsx:7:22)

[90mstderr[2m | test/components/LoginForm.test.tsx[2m > [22m[2mLoginForm[2m > [22m[2m鐧诲綍鏃跺簲璇ユ樉绀哄姞杞界姸鎬侊紝鎸夐挳鍙樹负涓嶅彲鐐瑰嚮[22m[39m
Warning: An update to LoginForm inside a test was not wrapped in act(...).

When testing, code that causes React state updates should be wrapped into act(...):

act(() => {
  /* fire events that update state */
});
/* assert on the output */

This ensures that you're testing the behavior the user would see in the browser. Learn more at https://reactjs.org/link/wrap-tests-with-act
    at LoginForm (D:\35000\Code repository\CS3604_software\10.13\frontend\src\components\LoginForm.tsx:7:22)

[90mstderr[2m | test/components/LoginForm.test.tsx[2m > [22m[2mLoginForm[2m > [22m[2m鐧诲綍鏃跺簲璇ユ樉绀哄姞杞界姸鎬侊紝鎸夐挳鍙樹负涓嶅彲鐐瑰嚮[22m[39m
Warning: An update to LoginForm inside a test was not wrapped in act(...).

When testing, code that causes React state updates should be wrapped into act(...):

act(() => {
  /* fire events that update state */
});
/* assert on the output */

This ensures that you're testing the behavior the user would see in the browser. Learn more at https://reactjs.org/link/wrap-tests-with-act
    at LoginForm (D:\35000\Code repository\CS3604_software\10.13\frontend\src\components\LoginForm.tsx:7:22)

[90mstderr[2m | test/components/LoginForm.test.tsx[2m > [22m[2mLoginForm[2m > [22m[2m鐧诲綍鏃跺簲璇ユ樉绀哄姞杞界姸鎬侊紝鎸夐挳鍙樹负涓嶅彲鐐瑰嚮[22m[39m
Warning: An update to LoginForm inside a test was not wrapped in act(...).

When testing, code that causes React state updates should be wrapped into act(...):

act(() => {
  /* fire events that update state */
});
/* assert on the output */

This ensures that you're testing the behavior the user would see in the browser. Learn more at https://reactjs.org/link/wrap-tests-with-act
    at LoginForm (D:\35000\Code repository\CS3604_software\10.13\frontend\src\components\LoginForm.tsx:7:22)

[90mstderr[2m | test/components/LoginForm.test.tsx[2m > [22m[2mLoginForm[2m > [22m[2m鐧诲綍鏃跺簲璇ユ樉绀哄姞杞界姸鎬侊紝鎸夐挳鍙樹负涓嶅彲鐐瑰嚮[22m[39m
Warning: An update to LoginForm inside a test was not wrapped in act(...).

When testing, code that causes React state updates should be wrapped into act(...):

act(() => {
  /* fire events that update state */
});
/* assert on the output */

This ensures that you're testing the behavior the user would see in the browser. Learn more at https://reactjs.org/link/wrap-tests-with-act
    at LoginForm (D:\35000\Code repository\CS3604_software\10.13\frontend\src\components\LoginForm.tsx:7:22)

[90mstderr[2m | test/components/LoginForm.test.tsx[2m > [22m[2mLoginForm[2m > [22m[2m鐧诲綍鏃跺簲璇ユ樉绀哄姞杞界姸鎬侊紝鎸夐挳鍙樹负涓嶅彲鐐瑰嚮[22m[39m
Warning: An update to LoginForm inside a test was not wrapped in act(...).

When testing, code that causes React state updates should be wrapped into act(...):

act(() => {
  /* fire events that update state */
});
/* assert on the output */

This ensures that you're testing the behavior the user would see in the browser. Learn more at https://reactjs.org/link/wrap-tests-with-act
    at LoginForm (D:\35000\Code repository\CS3604_software\10.13\frontend\src\components\LoginForm.tsx:7:22)

[90mstderr[2m | test/components/LoginForm.test.tsx[2m > [22m[2mLoginForm[2m > [22m[2m鐧诲綍鏃跺簲璇ユ樉绀哄姞杞界姸鎬侊紝鎸夐挳鍙樹负涓嶅彲鐐瑰嚮[22m[39m
Warning: An update to LoginForm inside a test was not wrapped in act(...).

When testing, code that causes React state updates should be wrapped into act(...):

act(() => {
  /* fire events that update state */
});
/* assert on the output */

This ensures that you're testing the behavior the user would see in the browser. Learn more at https://reactjs.org/link/wrap-tests-with-act
    at LoginForm (D:\35000\Code repository\CS3604_software\10.13\frontend\src\components\LoginForm.tsx:7:22)

[90mstderr[2m | test/components/LoginForm.test.tsx[2m > [22m[2mLoginForm[2m > [22m[2m鐧诲綍鏃跺簲璇ユ樉绀哄姞杞界姸鎬侊紝鎸夐挳鍙樹负涓嶅彲鐐瑰嚮[22m[39m
Warning: An update to LoginForm inside a test was not wrapped in act(...).

When testing, code that causes React state updates should be wrapped into act(...):

act(() => {
  /* fire events that update state */
});
/* assert on the output */

This ensures that you're testing the behavior the user would see in the browser. Learn more at https://reactjs.org/link/wrap-tests-with-act
    at LoginForm (D:\35000\Code repository\CS3604_software\10.13\frontend\src\components\LoginForm.tsx:7:22)

[90mstderr[2m | test/components/LoginForm.test.tsx[2m > [22m[2mLoginForm[2m > [22m[2m鐧诲綍鏃跺簲璇ユ樉绀哄姞杞界姸鎬侊紝鎸夐挳鍙樹负涓嶅彲鐐瑰嚮[22m[39m
Warning: An update to LoginForm inside a test was not wrapped in act(...).

When testing, code that causes React state updates should be wrapped into act(...):

act(() => {
  /* fire events that update state */
});
/* assert on the output */

This ensures that you're testing the behavior the user would see in the browser. Learn more at https://reactjs.org/link/wrap-tests-with-act
    at LoginForm (D:\35000\Code repository\CS3604_software\10.13\frontend\src\components\LoginForm.tsx:7:22)
Warning: An update to LoginForm inside a test was not wrapped in act(...).

When testing, code that causes React state updates should be wrapped into act(...):

act(() => {
  /* fire events that update state */
});
/* assert on the output */

This ensures that you're testing the behavior the user would see in the browser. Learn more at https://reactjs.org/link/wrap-tests-with-act
    at LoginForm (D:\35000\Code repository\CS3604_software\10.13\frontend\src\components\LoginForm.tsx:7:22)

[90mstderr[2m | test/components/LoginForm.test.tsx[2m > [22m[2mLoginForm[2m > [22m[2m搴旇鏍规嵁API鍝嶅簲鏄剧ず鐩稿簲鐨勯敊璇垨鎴愬姛娑堟伅[22m[39m
Warning: An update to LoginForm inside a test was not wrapped in act(...).

When testing, code that causes React state updates should be wrapped into act(...):

act(() => {
  /* fire events that update state */
});
/* assert on the output */

This ensures that you're testing the behavior the user would see in the browser. Learn more at https://reactjs.org/link/wrap-tests-with-act
    at LoginForm (D:\35000\Code repository\CS3604_software\10.13\frontend\src\components\LoginForm.tsx:7:22)

[90mstderr[2m | test/components/LoginForm.test.tsx[2m > [22m[2mLoginForm[2m > [22m[2m搴旇鏍规嵁API鍝嶅簲鏄剧ず鐩稿簲鐨勯敊璇垨鎴愬姛娑堟伅[22m[39m
Warning: An update to LoginForm inside a test was not wrapped in act(...).

When testing, code that causes React state updates should be wrapped into act(...):

act(() => {
  /* fire events that update state */
});
/* assert on the output */

This ensures that you're testing the behavior the user would see in the browser. Learn more at https://reactjs.org/link/wrap-tests-with-act
    at LoginForm (D:\35000\Code repository\CS3604_software\10.13\frontend\src\components\LoginForm.tsx:7:22)

[90mstderr[2m | test/components/LoginForm.test.tsx[2m > [22m[2mLoginForm[2m > [22m[2m搴旇鏍规嵁API鍝嶅簲鏄剧ず鐩稿簲鐨勯敊璇垨鎴愬姛娑堟伅[22m[39m
Warning: An update to LoginForm inside a test was not wrapped in act(...).

When testing, code that causes React state updates should be wrapped into act(...):

act(() => {
  /* fire events that update state */
});
/* assert on the output */

This ensures that you're testing the behavior the user would see in the browser. Learn more at https://reactjs.org/link/wrap-tests-with-act
    at LoginForm (D:\35000\Code repository\CS3604_software\10.13\frontend\src\components\LoginForm.tsx:7:22)

[90mstderr[2m | test/components/LoginForm.test.tsx[2m > [22m[2mLoginForm[2m > [22m[2m搴旇鏍规嵁API鍝嶅簲鏄剧ず鐩稿簲鐨勯敊璇垨鎴愬姛娑堟伅[22m[39m
Warning: An update to LoginForm inside a test was not wrapped in act(...).

When testing, code that causes React state updates should be wrapped into act(...):

act(() => {
  /* fire events that update state */
});
/* assert on the output */

This ensures that you're testing the behavior the user would see in the browser. Learn more at https://reactjs.org/link/wrap-tests-with-act
    at LoginForm (D:\35000\Code repository\CS3604_software\10.13\frontend\src\components\LoginForm.tsx:7:22)

[90mstderr[2m | test/components/LoginForm.test.tsx[2m > [22m[2mLoginForm[2m > [22m[2m搴旇鏍规嵁API鍝嶅簲鏄剧ず鐩稿簲鐨勯敊璇垨鎴愬姛娑堟伅[22m[39m
Warning: An update to LoginForm inside a test was not wrapped in act(...).

When testing, code that causes React state updates should be wrapped into act(...):

act(() => {
  /* fire events that update state */
});
/* assert on the output */

This ensures that you're testing the behavior the user would see in the browser. Learn more at https://reactjs.org/link/wrap-tests-with-act
    at LoginForm (D:\35000\Code repository\CS3604_software\10.13\frontend\src\components\LoginForm.tsx:7:22)

[90mstderr[2m | test/components/LoginForm.test.tsx[2m > [22m[2mLoginForm[2m > [22m[2m搴旇鏍规嵁API鍝嶅簲鏄剧ず鐩稿簲鐨勯敊璇垨鎴愬姛娑堟伅[22m[39m
Warning: An update to LoginForm inside a test was not wrapped in act(...).

When testing, code that causes React state updates should be wrapped into act(...):

act(() => {
  /* fire events that update state */
});
/* assert on the output */

This ensures that you're testing the behavior the user would see in the browser. Learn more at https://reactjs.org/link/wrap-tests-with-act
    at LoginForm (D:\35000\Code repository\CS3604_software\10.13\frontend\src\components\LoginForm.tsx:7:22)

[90mstderr[2m | test/components/LoginForm.test.tsx[2m > [22m[2mLoginForm[2m > [22m[2m搴旇鏍规嵁API鍝嶅簲鏄剧ず鐩稿簲鐨勯敊璇垨鎴愬姛娑堟伅[22m[39m
Warning: An update to LoginForm inside a test was not wrapped in act(...).

When testing, code that causes React state updates should be wrapped into act(...):

act(() => {
  /* fire events that update state */
});
/* assert on the output */

This ensures that you're testing the behavior the user would see in the browser. Learn more at https://reactjs.org/link/wrap-tests-with-act
    at LoginForm (D:\35000\Code repository\CS3604_software\10.13\frontend\src\components\LoginForm.tsx:7:22)

[90mstderr[2m | test/components/LoginForm.test.tsx[2m > [22m[2mLoginForm[2m > [22m[2m搴旇鏍规嵁API鍝嶅簲鏄剧ず鐩稿簲鐨勯敊璇垨鎴愬姛娑堟伅[22m[39m
Warning: An update to LoginForm inside a test was not wrapped in act(...).

When testing, code that causes React state updates should be wrapped into act(...):

act(() => {
  /* fire events that update state */
});
/* assert on the output */

This ensures that you're testing the behavior the user would see in the browser. Learn more at https://reactjs.org/link/wrap-tests-with-act
    at LoginForm (D:\35000\Code repository\CS3604_software\10.13\frontend\src\components\LoginForm.tsx:7:22)

[90mstderr[2m | test/components/LoginForm.test.tsx[2m > [22m[2mLoginForm[2m > [22m[2m搴旇鏍规嵁API鍝嶅簲鏄剧ず鐩稿簲鐨勯敊璇垨鎴愬姛娑堟伅[22m[39m
Warning: An update to LoginForm inside a test was not wrapped in act(...).

When testing, code that causes React state updates should be wrapped into act(...):

act(() => {
  /* fire events that update state */
});
/* assert on the output */

This ensures that you're testing the behavior the user would see in the browser. Learn more at https://reactjs.org/link/wrap-tests-with-act
    at LoginForm (D:\35000\Code repository\CS3604_software\10.13\frontend\src\components\LoginForm.tsx:7:22)

[90mstderr[2m | test/components/LoginForm.test.tsx[2m > [22m[2mLoginForm[2m > [22m[2m搴旇鏍规嵁API鍝嶅簲鏄剧ず鐩稿簲鐨勯敊璇垨鎴愬姛娑堟伅[22m[39m
Warning: An update to LoginForm inside a test was not wrapped in act(...).

When testing, code that causes React state updates should be wrapped into act(...):

act(() => {
  /* fire events that update state */
});
/* assert on the output */

This ensures that you're testing the behavior the user would see in the browser. Learn more at https://reactjs.org/link/wrap-tests-with-act
    at LoginForm (D:\35000\Code repository\CS3604_software\10.13\frontend\src\components\LoginForm.tsx:7:22)

[90mstderr[2m | test/components/LoginForm.test.tsx[2m > [22m[2mLoginForm[2m > [22m[2m搴旇鏍规嵁API鍝嶅簲鏄剧ず鐩稿簲鐨勯敊璇垨鎴愬姛娑堟伅[22m[39m
Warning: An update to LoginForm inside a test was not wrapped in act(...).

When testing, code that causes React state updates should be wrapped into act(...):

act(() => {
  /* fire events that update state */
});
/* assert on the output */

This ensures that you're testing the behavior the user would see in the browser. Learn more at https://reactjs.org/link/wrap-tests-with-act
    at LoginForm (D:\35000\Code repository\CS3604_software\10.13\frontend\src\components\LoginForm.tsx:7:22)

[90mstderr[2m | test/components/LoginForm.test.tsx[2m > [22m[2mLoginForm[2m > [22m[2m搴旇鏍规嵁API鍝嶅簲鏄剧ず鐩稿簲鐨勯敊璇垨鎴愬姛娑堟伅[22m[39m
Warning: An update to LoginForm inside a test was not wrapped in act(...).

When testing, code that causes React state updates should be wrapped into act(...):

act(() => {
  /* fire events that update state */
});
/* assert on the output */

This ensures that you're testing the behavior the user would see in the browser. Learn more at https://reactjs.org/link/wrap-tests-with-act
    at LoginForm (D:\35000\Code repository\CS3604_software\10.13\frontend\src\components\LoginForm.tsx:7:22)

[90mstderr[2m | test/components/LoginForm.test.tsx[2m > [22m[2mLoginForm[2m > [22m[2m搴旇鏍规嵁API鍝嶅簲鏄剧ず鐩稿簲鐨勯敊璇垨鎴愬姛娑堟伅[22m[39m
Warning: An update to LoginForm inside a test was not wrapped in act(...).

When testing, code that causes React state updates should be wrapped into act(...):

act(() => {
  /* fire events that update state */
});
/* assert on the output */

This ensures that you're testing the behavior the user would see in the browser. Learn more at https://reactjs.org/link/wrap-tests-with-act
    at LoginForm (D:\35000\Code repository\CS3604_software\10.13\frontend\src\components\LoginForm.tsx:7:22)

[90mstderr[2m | test/components/LoginForm.test.tsx[2m > [22m[2mLoginForm[2m > [22m[2m搴旇鏍规嵁API鍝嶅簲鏄剧ず鐩稿簲鐨勯敊璇垨鎴愬姛娑堟伅[22m[39m
Warning: An update to LoginForm inside a test was not wrapped in act(...).

When testing, code that causes React state updates should be wrapped into act(...):

act(() => {
  /* fire events that update state */
});
/* assert on the output */

This ensures that you're testing the behavior the user would see in the browser. Learn more at https://reactjs.org/link/wrap-tests-with-act
    at LoginForm (D:\35000\Code repository\CS3604_software\10.13\frontend\src\components\LoginForm.tsx:7:22)

[90mstderr[2m | test/components/LoginForm.test.tsx[2m > [22m[2mLoginForm[2m > [22m[2m搴旇鏍规嵁API鍝嶅簲鏄剧ず鐩稿簲鐨勯敊璇垨鎴愬姛娑堟伅[22m[39m
Warning: An update to LoginForm inside a test was not wrapped in act(...).

When testing, code that causes React state updates should be wrapped into act(...):

act(() => {
  /* fire events that update state */
});
/* assert on the output */

This ensures that you're testing the behavior the user would see in the browser. Learn more at https://reactjs.org/link/wrap-tests-with-act
    at LoginForm (D:\35000\Code repository\CS3604_software\10.13\frontend\src\components\LoginForm.tsx:7:22)

[90mstderr[2m | test/components/LoginForm.test.tsx[2m > [22m[2mLoginForm[2m > [22m[2m搴旇鏍规嵁API鍝嶅簲鏄剧ず鐩稿簲鐨勯敊璇垨鎴愬姛娑堟伅[22m[39m
Warning: An update to LoginForm inside a test was not wrapped in act(...).

When testing, code that causes React state updates should be wrapped into act(...):

act(() => {
  /* fire events that update state */
});
/* assert on the output */

This ensures that you're testing the behavior the user would see in the browser. Learn more at https://reactjs.org/link/wrap-tests-with-act
    at LoginForm (D:\35000\Code repository\CS3604_software\10.13\frontend\src\components\LoginForm.tsx:7:22)

[90mstderr[2m | test/components/LoginForm.test.tsx[2m > [22m[2mLoginForm[2m > [22m[2m搴旇鏍规嵁API鍝嶅簲鏄剧ず鐩稿簲鐨勯敊璇垨鎴愬姛娑堟伅[22m[39m
Warning: An update to LoginForm inside a test was not wrapped in act(...).

When testing, code that causes React state updates should be wrapped into act(...):

act(() => {
  /* fire events that update state */
});
/* assert on the output */

This ensures that you're testing the behavior the user would see in the browser. Learn more at https://reactjs.org/link/wrap-tests-with-act
    at LoginForm (D:\35000\Code repository\CS3604_software\10.13\frontend\src\components\LoginForm.tsx:7:22)

[90mstderr[2m | test/components/LoginForm.test.tsx[2m > [22m[2mLoginForm[2m > [22m[2m搴旇鏍规嵁API鍝嶅簲鏄剧ず鐩稿簲鐨勯敊璇垨鎴愬姛娑堟伅[22m[39m
Warning: An update to LoginForm inside a test was not wrapped in act(...).

When testing, code that causes React state updates should be wrapped into act(...):

act(() => {
  /* fire events that update state */
});
/* assert on the output */

This ensures that you're testing the behavior the user would see in the browser. Learn more at https://reactjs.org/link/wrap-tests-with-act
    at LoginForm (D:\35000\Code repository\CS3604_software\10.13\frontend\src\components\LoginForm.tsx:7:22)

[90mstderr[2m | test/components/LoginForm.test.tsx[2m > [22m[2mLoginForm[2m > [22m[2m鐧诲綍鎴愬姛鍚庡簲璇ヨ皟鐢╫nLoginSuccess鍥炶皟[22m[39m
Warning: An update to LoginForm inside a test was not wrapped in act(...).

When testing, code that causes React state updates should be wrapped into act(...):

act(() => {
  /* fire events that update state */
});
/* assert on the output */

This ensures that you're testing the behavior the user would see in the browser. Learn more at https://reactjs.org/link/wrap-tests-with-act
    at LoginForm (D:\35000\Code repository\CS3604_software\10.13\frontend\src\components\LoginForm.tsx:7:22)

[90mstderr[2m | test/components/LoginForm.test.tsx[2m > [22m[2mLoginForm[2m > [22m[2m鐧诲綍鎴愬姛鍚庡簲璇ヨ皟鐢╫nLoginSuccess鍥炶皟[22m[39m
Warning: An update to LoginForm inside a test was not wrapped in act(...).

When testing, code that causes React state updates should be wrapped into act(...):

act(() => {
  /* fire events that update state */
});
/* assert on the output */

This ensures that you're testing the behavior the user would see in the browser. Learn more at https://reactjs.org/link/wrap-tests-with-act
    at LoginForm (D:\35000\Code repository\CS3604_software\10.13\frontend\src\components\LoginForm.tsx:7:22)

[90mstderr[2m | test/components/LoginForm.test.tsx[2m > [22m[2mLoginForm[2m > [22m[2m鐧诲綍鎴愬姛鍚庡簲璇ヨ皟鐢╫nLoginSuccess鍥炶皟[22m[39m
Warning: An update to LoginForm inside a test was not wrapped in act(...).

When testing, code that causes React state updates should be wrapped into act(...):

act(() => {
  /* fire events that update state */
});
/* assert on the output */

This ensures that you're testing the behavior the user would see in the browser. Learn more at https://reactjs.org/link/wrap-tests-with-act
    at LoginForm (D:\35000\Code repository\CS3604_software\10.13\frontend\src\components\LoginForm.tsx:7:22)

[90mstderr[2m | test/components/LoginForm.test.tsx[2m > [22m[2mLoginForm[2m > [22m[2m鐧诲綍鎴愬姛鍚庡簲璇ヨ皟鐢╫nLoginSuccess鍥炶皟[22m[39m
Warning: An update to LoginForm inside a test was not wrapped in act(...).

When testing, code that causes React state updates should be wrapped into act(...):

act(() => {
  /* fire events that update state */
});
/* assert on the output */

This ensures that you're testing the behavior the user would see in the browser. Learn more at https://reactjs.org/link/wrap-tests-with-act
    at LoginForm (D:\35000\Code repository\CS3604_software\10.13\frontend\src\components\LoginForm.tsx:7:22)

[90mstderr[2m | test/components/LoginForm.test.tsx[2m > [22m[2mLoginForm[2m > [22m[2m鐧诲綍鎴愬姛鍚庡簲璇ヨ皟鐢╫nLoginSuccess鍥炶皟[22m[39m
Warning: An update to LoginForm inside a test was not wrapped in act(...).

When testing, code that causes React state updates should be wrapped into act(...):

act(() => {
  /* fire events that update state */
});
/* assert on the output */

This ensures that you're testing the behavior the user would see in the browser. Learn more at https://reactjs.org/link/wrap-tests-with-act
    at LoginForm (D:\35000\Code repository\CS3604_software\10.13\frontend\src\components\LoginForm.tsx:7:22)

[90mstderr[2m | test/components/LoginForm.test.tsx[2m > [22m[2mLoginForm[2m > [22m[2m鐧诲綍鎴愬姛鍚庡簲璇ヨ皟鐢╫nLoginSuccess鍥炶皟[22m[39m
Warning: An update to LoginForm inside a test was not wrapped in act(...).

When testing, code that causes React state updates should be wrapped into act(...):

act(() => {
  /* fire events that update state */
});
/* assert on the output */

This ensures that you're testing the behavior the user would see in the browser. Learn more at https://reactjs.org/link/wrap-tests-with-act
    at LoginForm (D:\35000\Code repository\CS3604_software\10.13\frontend\src\components\LoginForm.tsx:7:22)

[90mstderr[2m | test/components/LoginForm.test.tsx[2m > [22m[2mLoginForm[2m > [22m[2m鐧诲綍鎴愬姛鍚庡簲璇ヨ皟鐢╫nLoginSuccess鍥炶皟[22m[39m
Warning: An update to LoginForm inside a test was not wrapped in act(...).

When testing, code that causes React state updates should be wrapped into act(...):

act(() => {
  /* fire events that update state */
});
/* assert on the output */

This ensures that you're testing the behavior the user would see in the browser. Learn more at https://reactjs.org/link/wrap-tests-with-act
    at LoginForm (D:\35000\Code repository\CS3604_software\10.13\frontend\src\components\LoginForm.tsx:7:22)

[90mstderr[2m | test/components/LoginForm.test.tsx[2m > [22m[2mLoginForm[2m > [22m[2m鐧诲綍鎴愬姛鍚庡簲璇ヨ皟鐢╫nLoginSuccess鍥炶皟[22m[39m
Warning: An update to LoginForm inside a test was not wrapped in act(...).

When testing, code that causes React state updates should be wrapped into act(...):

act(() => {
  /* fire events that update state */
});
/* assert on the output */

This ensures that you're testing the behavior the user would see in the browser. Learn more at https://reactjs.org/link/wrap-tests-with-act
    at LoginForm (D:\35000\Code repository\CS3604_software\10.13\frontend\src\components\LoginForm.tsx:7:22)

[90mstderr[2m | test/components/LoginForm.test.tsx[2m > [22m[2mLoginForm[2m > [22m[2m鐧诲綍鎴愬姛鍚庡簲璇ヨ皟鐢╫nLoginSuccess鍥炶皟[22m[39m
Warning: An update to LoginForm inside a test was not wrapped in act(...).

When testing, code that causes React state updates should be wrapped into act(...):

act(() => {
  /* fire events that update state */
});
/* assert on the output */

This ensures that you're testing the behavior the user would see in the browser. Learn more at https://reactjs.org/link/wrap-tests-with-act
    at LoginForm (D:\35000\Code repository\CS3604_software\10.13\frontend\src\components\LoginForm.tsx:7:22)

[90mstderr[2m | test/components/LoginForm.test.tsx[2m > [22m[2mLoginForm[2m > [22m[2m鐧诲綍鎴愬姛鍚庡簲璇ヨ皟鐢╫nLoginSuccess鍥炶皟[22m[39m
Warning: An update to LoginForm inside a test was not wrapped in act(...).

When testing, code that causes React state updates should be wrapped into act(...):

act(() => {
  /* fire events that update state */
});
/* assert on the output */

This ensures that you're testing the behavior the user would see in the browser. Learn more at https://reactjs.org/link/wrap-tests-with-act
    at LoginForm (D:\35000\Code repository\CS3604_software\10.13\frontend\src\components\LoginForm.tsx:7:22)

[90mstderr[2m | test/components/LoginForm.test.tsx[2m > [22m[2mLoginForm[2m > [22m[2m鐧诲綍鎴愬姛鍚庡簲璇ヨ皟鐢╫nLoginSuccess鍥炶皟[22m[39m
Warning: An update to LoginForm inside a test was not wrapped in act(...).

When testing, code that causes React state updates should be wrapped into act(...):

act(() => {
  /* fire events that update state */
});
/* assert on the output */

This ensures that you're testing the behavior the user would see in the browser. Learn more at https://reactjs.org/link/wrap-tests-with-act
    at LoginForm (D:\35000\Code repository\CS3604_software\10.13\frontend\src\components\LoginForm.tsx:7:22)

[90mstderr[2m | test/components/LoginForm.test.tsx[2m > [22m[2mLoginForm[2m > [22m[2m鐧诲綍鎴愬姛鍚庡簲璇ヨ皟鐢╫nLoginSuccess鍥炶皟[22m[39m
Warning: An update to LoginForm inside a test was not wrapped in act(...).

When testing, code that causes React state updates should be wrapped into act(...):

act(() => {
  /* fire events that update state */
});
/* assert on the output */

This ensures that you're testing the behavior the user would see in the browser. Learn more at https://reactjs.org/link/wrap-tests-with-act
    at LoginForm (D:\35000\Code repository\CS3604_software\10.13\frontend\src\components\LoginForm.tsx:7:22)

[90mstderr[2m | test/components/LoginForm.test.tsx[2m > [22m[2mLoginForm[2m > [22m[2m鐧诲綍鎴愬姛鍚庡簲璇ヨ皟鐢╫nLoginSuccess鍥炶皟[22m[39m
Warning: An update to LoginForm inside a test was not wrapped in act(...).

When testing, code that causes React state updates should be wrapped into act(...):

act(() => {
  /* fire events that update state */
});
/* assert on the output */

This ensures that you're testing the behavior the user would see in the browser. Learn more at https://reactjs.org/link/wrap-tests-with-act
    at LoginForm (D:\35000\Code repository\CS3604_software\10.13\frontend\src\components\LoginForm.tsx:7:22)

[90mstderr[2m | test/components/LoginForm.test.tsx[2m > [22m[2mLoginForm[2m > [22m[2m鐧诲綍鎴愬姛鍚庡簲璇ヨ皟鐢╫nLoginSuccess鍥炶皟[22m[39m
Warning: An update to LoginForm inside a test was not wrapped in act(...).

When testing, code that causes React state updates should be wrapped into act(...):

act(() => {
  /* fire events that update state */
});
/* assert on the output */

This ensures that you're testing the behavior the user would see in the browser. Learn more at https://reactjs.org/link/wrap-tests-with-act
    at LoginForm (D:\35000\Code repository\CS3604_software\10.13\frontend\src\components\LoginForm.tsx:7:22)

[90mstderr[2m | test/components/LoginForm.test.tsx[2m > [22m[2mLoginForm[2m > [22m[2m鐧诲綍鎴愬姛鍚庡簲璇ヨ皟鐢╫nLoginSuccess鍥炶皟[22m[39m
Warning: An update to LoginForm inside a test was not wrapped in act(...).

When testing, code that causes React state updates should be wrapped into act(...):

act(() => {
  /* fire events that update state */
});
/* assert on the output */

This ensures that you're testing the behavior the user would see in the browser. Learn more at https://reactjs.org/link/wrap-tests-with-act
    at LoginForm (D:\35000\Code repository\CS3604_software\10.13\frontend\src\components\LoginForm.tsx:7:22)

[90mstderr[2m | test/components/LoginForm.test.tsx[2m > [22m[2mLoginForm[2m > [22m[2m鐧诲綍鎴愬姛鍚庡簲璇ヨ皟鐢╫nLoginSuccess鍥炶皟[22m[39m
Warning: An update to LoginForm inside a test was not wrapped in act(...).

When testing, code that causes React state updates should be wrapped into act(...):

act(() => {
  /* fire events that update state */
});
/* assert on the output */

This ensures that you're testing the behavior the user would see in the browser. Learn more at https://reactjs.org/link/wrap-tests-with-act
    at LoginForm (D:\35000\Code repository\CS3604_software\10.13\frontend\src\components\LoginForm.tsx:7:22)

[90mstderr[2m | test/components/LoginForm.test.tsx[2m > [22m[2mLoginForm[2m > [22m[2m鐧诲綍鎴愬姛鍚庡簲璇ヨ皟鐢╫nLoginSuccess鍥炶皟[22m[39m
Warning: An update to LoginForm inside a test was not wrapped in act(...).

When testing, code that causes React state updates should be wrapped into act(...):

act(() => {
  /* fire events that update state */
});
/* assert on the output */

This ensures that you're testing the behavior the user would see in the browser. Learn more at https://reactjs.org/link/wrap-tests-with-act
    at LoginForm (D:\35000\Code repository\CS3604_software\10.13\frontend\src\components\LoginForm.tsx:7:22)

[90mstderr[2m | test/components/LoginForm.test.tsx[2m > [22m[2mLoginForm[2m > [22m[2m鐧诲綍鎴愬姛鍚庡簲璇ヨ皟鐢╫nLoginSuccess鍥炶皟[22m[39m
Warning: An update to LoginForm inside a test was not wrapped in act(...).

When testing, code that causes React state updates should be wrapped into act(...):

act(() => {
  /* fire events that update state */
});
/* assert on the output */

This ensures that you're testing the behavior the user would see in the browser. Learn more at https://reactjs.org/link/wrap-tests-with-act
    at LoginForm (D:\35000\Code repository\CS3604_software\10.13\frontend\src\components\LoginForm.tsx:7:22)
Warning: An update to LoginForm inside a test was not wrapped in act(...).

When testing, code that causes React state updates should be wrapped into act(...):

act(() => {
  /* fire events that update state */
});
/* assert on the output */

This ensures that you're testing the behavior the user would see in the browser. Learn more at https://reactjs.org/link/wrap-tests-with-act
    at LoginForm (D:\35000\Code repository\CS3604_software\10.13\frontend\src\components\LoginForm.tsx:7:22)
Warning: An update to LoginForm inside a test was not wrapped in act(...).

When testing, code that causes React state updates should be wrapped into act(...):

act(() => {
  /* fire events that update state */
});
/* assert on the output */

This ensures that you're testing the behavior the user would see in the browser. Learn more at https://reactjs.org/link/wrap-tests-with-act
    at LoginForm (D:\35000\Code repository\CS3604_software\10.13\frontend\src\components\LoginForm.tsx:7:22)

[90mstderr[2m | test/components/LoginForm.test.tsx[2m > [22m[2mLoginForm[2m > [22m[2m搴旇姝ｇ‘澶勭悊缃戠粶閿欒[22m[39m
Warning: An update to LoginForm inside a test was not wrapped in act(...).

When testing, code that causes React state updates should be wrapped into act(...):

act(() => {
  /* fire events that update state */
});
/* assert on the output */

This ensures that you're testing the behavior the user would see in the browser. Learn more at https://reactjs.org/link/wrap-tests-with-act
    at LoginForm (D:\35000\Code repository\CS3604_software\10.13\frontend\src\components\LoginForm.tsx:7:22)

[90mstderr[2m | test/components/LoginForm.test.tsx[2m > [22m[2mLoginForm[2m > [22m[2m搴旇姝ｇ‘澶勭悊缃戠粶閿欒[22m[39m
Warning: An update to LoginForm inside a test was not wrapped in act(...).

When testing, code that causes React state updates should be wrapped into act(...):

act(() => {
  /* fire events that update state */
});
/* assert on the output */

This ensures that you're testing the behavior the user would see in the browser. Learn more at https://reactjs.org/link/wrap-tests-with-act
    at LoginForm (D:\35000\Code repository\CS3604_software\10.13\frontend\src\components\LoginForm.tsx:7:22)

[90mstderr[2m | test/components/LoginForm.test.tsx[2m > [22m[2mLoginForm[2m > [22m[2m搴旇姝ｇ‘澶勭悊缃戠粶閿欒[22m[39m
Warning: An update to LoginForm inside a test was not wrapped in act(...).

When testing, code that causes React state updates should be wrapped into act(...):

act(() => {
  /* fire events that update state */
});
/* assert on the output */

This ensures that you're testing the behavior the user would see in the browser. Learn more at https://reactjs.org/link/wrap-tests-with-act
    at LoginForm (D:\35000\Code repository\CS3604_software\10.13\frontend\src\components\LoginForm.tsx:7:22)

[90mstderr[2m | test/components/LoginForm.test.tsx[2m > [22m[2mLoginForm[2m > [22m[2m搴旇姝ｇ‘澶勭悊缃戠粶閿欒[22m[39m
Warning: An update to LoginForm inside a test was not wrapped in act(...).

When testing, code that causes React state updates should be wrapped into act(...):

act(() => {
  /* fire events that update state */
});
/* assert on the output */

This ensures that you're testing the behavior the user would see in the browser. Learn more at https://reactjs.org/link/wrap-tests-with-act
    at LoginForm (D:\35000\Code repository\CS3604_software\10.13\frontend\src\components\LoginForm.tsx:7:22)

[90mstderr[2m | test/components/LoginForm.test.tsx[2m > [22m[2mLoginForm[2m > [22m[2m搴旇姝ｇ‘澶勭悊缃戠粶閿欒[22m[39m
Warning: An update to LoginForm inside a test was not wrapped in act(...).

When testing, code that causes React state updates should be wrapped into act(...):

act(() => {
  /* fire events that update state */
});
/* assert on the output */

This ensures that you're testing the behavior the user would see in the browser. Learn more at https://reactjs.org/link/wrap-tests-with-act
    at LoginForm (D:\35000\Code repository\CS3604_software\10.13\frontend\src\components\LoginForm.tsx:7:22)

[90mstderr[2m | test/components/LoginForm.test.tsx[2m > [22m[2mLoginForm[2m > [22m[2m搴旇姝ｇ‘澶勭悊缃戠粶閿欒[22m[39m
Warning: An update to LoginForm inside a test was not wrapped in act(...).

When testing, code that causes React state updates should be wrapped into act(...):

act(() => {
  /* fire events that update state */
});
/* assert on the output */

This ensures that you're testing the behavior the user would see in the browser. Learn more at https://reactjs.org/link/wrap-tests-with-act
    at LoginForm (D:\35000\Code repository\CS3604_software\10.13\frontend\src\components\LoginForm.tsx:7:22)

[90mstderr[2m | test/components/LoginForm.test.tsx[2m > [22m[2mLoginForm[2m > [22m[2m搴旇姝ｇ‘澶勭悊缃戠粶閿欒[22m[39m
Warning: An update to LoginForm inside a test was not wrapped in act(...).

When testing, code that causes React state updates should be wrapped into act(...):

act(() => {
  /* fire events that update state */
});
/* assert on the output */

This ensures that you're testing the behavior the user would see in the browser. Learn more at https://reactjs.org/link/wrap-tests-with-act
    at LoginForm (D:\35000\Code repository\CS3604_software\10.13\frontend\src\components\LoginForm.tsx:7:22)

[90mstderr[2m | test/components/LoginForm.test.tsx[2m > [22m[2mLoginForm[2m > [22m[2m搴旇姝ｇ‘澶勭悊缃戠粶閿欒[22m[39m
Warning: An update to LoginForm inside a test was not wrapped in act(...).

When testing, code that causes React state updates should be wrapped into act(...):

act(() => {
  /* fire events that update state */
});
/* assert on the output */

This ensures that you're testing the behavior the user would see in the browser. Learn more at https://reactjs.org/link/wrap-tests-with-act
    at LoginForm (D:\35000\Code repository\CS3604_software\10.13\frontend\src\components\LoginForm.tsx:7:22)

[90mstderr[2m | test/components/LoginForm.test.tsx[2m > [22m[2mLoginForm[2m > [22m[2m搴旇姝ｇ‘澶勭悊缃戠粶閿欒[22m[39m
Warning: An update to LoginForm inside a test was not wrapped in act(...).

When testing, code that causes React state updates should be wrapped into act(...):

act(() => {
  /* fire events that update state */
});
/* assert on the output */

This ensures that you're testing the behavior the user would see in the browser. Learn more at https://reactjs.org/link/wrap-tests-with-act
    at LoginForm (D:\35000\Code repository\CS3604_software\10.13\frontend\src\components\LoginForm.tsx:7:22)

[90mstderr[2m | test/components/LoginForm.test.tsx[2m > [22m[2mLoginForm[2m > [22m[2m搴旇姝ｇ‘澶勭悊缃戠粶閿欒[22m[39m
Warning: An update to LoginForm inside a test was not wrapped in act(...).

When testing, code that causes React state updates should be wrapped into act(...):

act(() => {
  /* fire events that update state */
});
/* assert on the output */

This ensures that you're testing the behavior the user would see in the browser. Learn more at https://reactjs.org/link/wrap-tests-with-act
    at LoginForm (D:\35000\Code repository\CS3604_software\10.13\frontend\src\components\LoginForm.tsx:7:22)

[90mstderr[2m | test/components/LoginForm.test.tsx[2m > [22m[2mLoginForm[2m > [22m[2m搴旇姝ｇ‘澶勭悊缃戠粶閿欒[22m[39m
Warning: An update to LoginForm inside a test was not wrapped in act(...).

When testing, code that causes React state updates should be wrapped into act(...):

act(() => {
  /* fire events that update state */
});
/* assert on the output */

This ensures that you're testing the behavior the user would see in the browser. Learn more at https://reactjs.org/link/wrap-tests-with-act
    at LoginForm (D:\35000\Code repository\CS3604_software\10.13\frontend\src\components\LoginForm.tsx:7:22)

[90mstderr[2m | test/components/LoginForm.test.tsx[2m > [22m[2mLoginForm[2m > [22m[2m搴旇姝ｇ‘澶勭悊缃戠粶閿欒[22m[39m
Warning: An update to LoginForm inside a test was not wrapped in act(...).

When testing, code that causes React state updates should be wrapped into act(...):

act(() => {
  /* fire events that update state */
});
/* assert on the output */

This ensures that you're testing the behavior the user would see in the browser. Learn more at https://reactjs.org/link/wrap-tests-with-act
    at LoginForm (D:\35000\Code repository\CS3604_software\10.13\frontend\src\components\LoginForm.tsx:7:22)

[90mstderr[2m | test/components/LoginForm.test.tsx[2m > [22m[2mLoginForm[2m > [22m[2m搴旇姝ｇ‘澶勭悊缃戠粶閿欒[22m[39m
Warning: An update to LoginForm inside a test was not wrapped in act(...).

When testing, code that causes React state updates should be wrapped into act(...):

act(() => {
  /* fire events that update state */
});
/* assert on the output */

This ensures that you're testing the behavior the user would see in the browser. Learn more at https://reactjs.org/link/wrap-tests-with-act
    at LoginForm (D:\35000\Code repository\CS3604_software\10.13\frontend\src\components\LoginForm.tsx:7:22)

[90mstderr[2m | test/components/LoginForm.test.tsx[2m > [22m[2mLoginForm[2m > [22m[2m搴旇姝ｇ‘澶勭悊缃戠粶閿欒[22m[39m
Warning: An update to LoginForm inside a test was not wrapped in act(...).

When testing, code that causes React state updates should be wrapped into act(...):

act(() => {
  /* fire events that update state */
});
/* assert on the output */

This ensures that you're testing the behavior the user would see in the browser. Learn more at https://reactjs.org/link/wrap-tests-with-act
    at LoginForm (D:\35000\Code repository\CS3604_software\10.13\frontend\src\components\LoginForm.tsx:7:22)

[90mstderr[2m | test/components/LoginForm.test.tsx[2m > [22m[2mLoginForm[2m > [22m[2m搴旇姝ｇ‘澶勭悊缃戠粶閿欒[22m[39m
Warning: An update to LoginForm inside a test was not wrapped in act(...).

When testing, code that causes React state updates should be wrapped into act(...):

act(() => {
  /* fire events that update state */
});
/* assert on the output */

This ensures that you're testing the behavior the user would see in the browser. Learn more at https://reactjs.org/link/wrap-tests-with-act
    at LoginForm (D:\35000\Code repository\CS3604_software\10.13\frontend\src\components\LoginForm.tsx:7:22)

[90mstderr[2m | test/components/LoginForm.test.tsx[2m > [22m[2mLoginForm[2m > [22m[2m搴旇姝ｇ‘澶勭悊缃戠粶閿欒[22m[39m
Warning: An update to LoginForm inside a test was not wrapped in act(...).

When testing, code that causes React state updates should be wrapped into act(...):

act(() => {
  /* fire events that update state */
});
/* assert on the output */

This ensures that you're testing the behavior the user would see in the browser. Learn more at https://reactjs.org/link/wrap-tests-with-act
    at LoginForm (D:\35000\Code repository\CS3604_software\10.13\frontend\src\components\LoginForm.tsx:7:22)

[90mstderr[2m | test/components/LoginForm.test.tsx[2m > [22m[2mLoginForm[2m > [22m[2m搴旇姝ｇ‘澶勭悊缃戠粶閿欒[22m[39m
Warning: An update to LoginForm inside a test was not wrapped in act(...).

When testing, code that causes React state updates should be wrapped into act(...):

act(() => {
  /* fire events that update state */
});
/* assert on the output */

This ensures that you're testing the behavior the user would see in the browser. Learn more at https://reactjs.org/link/wrap-tests-with-act
    at LoginForm (D:\35000\Code repository\CS3604_software\10.13\frontend\src\components\LoginForm.tsx:7:22)

[90mstderr[2m | test/components/LoginForm.test.tsx[2m > [22m[2mLoginForm[2m > [22m[2m搴旇姝ｇ‘澶勭悊缃戠粶閿欒[22m[39m
Warning: An update to LoginForm inside a test was not wrapped in act(...).

When testing, code that causes React state updates should be wrapped into act(...):

act(() => {
  /* fire events that update state */
});
/* assert on the output */

This ensures that you're testing the behavior the user would see in the browser. Learn more at https://reactjs.org/link/wrap-tests-with-act
    at LoginForm (D:\35000\Code repository\CS3604_software\10.13\frontend\src\components\LoginForm.tsx:7:22)
Warning: An update to LoginForm inside a test was not wrapped in act(...).

When testing, code that causes React state updates should be wrapped into act(...):

act(() => {
  /* fire events that update state */
});
/* assert on the output */

This ensures that you're testing the behavior the user would see in the browser. Learn more at https://reactjs.org/link/wrap-tests-with-act
    at LoginForm (D:\35000\Code repository\CS3604_software\10.13\frontend\src\components\LoginForm.tsx:7:22)

[90mstderr[2m | test/components/LoginForm.test.tsx[2m > [22m[2mLoginForm[2m > [22m[2m搴旇姝ｇ‘澶勭悊缃戠粶閿欒[22m[39m
<empty line>
[90mstdout[2m | test/components/LoginForm.test.tsx[2m > [22m[2mLoginForm[2m > [22m[2m搴旇姝ｇ‘澶勭悊缃戠粶閿欒[22m[39m
Current DOM: <div><div class="login-form-container"><div class="login-form"><div class="form-header"><h2 class="form-title">瀵嗙爜鐧诲綍</h2><span class="form-subtitle active">鐭俊鐧诲綍</span></div><div class="form-content"><div class="input-group"><input type="tel" class="form-input" placeholder="璇疯緭鍏ユ墜鏈哄彿" value="13800138000"></div><div class="input-group verification-group"><input type="text" class="form-input verification-input" placeholder="璇疯緭鍏ラ獙璇佺爜" value="123456"><button class="verification-btn ">鑾峰彇楠岃瘉鐮?/button></div><div class="form-options"><label class="checkbox-label"><input type="checkbox"><span class="checkbox-text">鑷姩鐧诲綍</span></label><a href="#" class="forgot-password">蹇樿鐧诲綍瀵嗙爜锛?/a></div><button class="login-btn ">鐧诲綍</button><div class="register-link"><span>鏂扮敤鎴凤紵</span><button class="register-btn">鍏嶈垂娉ㄥ唽</button></div></div></div></div></div>

[90mstderr[2m | test/components/LoginForm.test.tsx[2m > [22m[2mLoginForm[2m > [22m[2m搴旇姝ｇ‘澶勭悊缃戠粶閿欒[22m[39m
<empty line>
[90mstdout[2m | test/components/LoginForm.test.tsx[2m > [22m[2mLoginForm[2m > [22m[2m搴旇姝ｇ‘澶勭悊缃戠粶閿欒[22m[39m
Current DOM: <div><div class="login-form-container"><div class="login-form"><div class="form-header"><h2 class="form-title">瀵嗙爜鐧诲綍</h2><span class="form-subtitle active">鐭俊鐧诲綍</span></div><div class="form-content"><div class="input-group"><input type="tel" class="form-input" placeholder="璇疯緭鍏ユ墜鏈哄彿" value="13800138000"></div><div class="input-group verification-group"><input type="text" class="form-input verification-input" placeholder="璇疯緭鍏ラ獙璇佺爜" value="123456"><button class="verification-btn ">鑾峰彇楠岃瘉鐮?/button></div><div class="form-options"><label class="checkbox-label"><input type="checkbox"><span class="checkbox-text">鑷姩鐧诲綍</span></label><a href="#" class="forgot-password">蹇樿鐧诲綍瀵嗙爜锛?/a></div><button class="login-btn ">鐧诲綍</button><div class="register-link"><span>鏂扮敤鎴凤紵</span><button class="register-btn">鍏嶈垂娉ㄥ唽</button></div></div></div></div></div>

[90mstderr[2m | test/components/LoginForm.test.tsx[2m > [22m[2mLoginForm[2m > [22m[2m搴旇姝ｇ‘澶勭悊缃戠粶閿欒[22m[39m
<empty line>
[90mstdout[2m | test/components/LoginForm.test.tsx[2m > [22m[2mLoginForm[2m > [22m[2m搴旇姝ｇ‘澶勭悊缃戠粶閿欒[22m[39m
Current DOM: <div><div class="login-form-container"><div class="login-form"><div class="form-header"><h2 class="form-title">瀵嗙爜鐧诲綍</h2><span class="form-subtitle active">鐭俊鐧诲綍</span></div><div class="form-content"><div class="input-group"><input type="tel" class="form-input" placeholder="璇疯緭鍏ユ墜鏈哄彿" value="13800138000"></div><div class="input-group verification-group"><input type="text" class="form-input verification-input" placeholder="璇疯緭鍏ラ獙璇佺爜" value="123456"><button class="verification-btn ">鑾峰彇楠岃瘉鐮?/button></div><div class="form-options"><label class="checkbox-label"><input type="checkbox"><span class="checkbox-text">鑷姩鐧诲綍</span></label><a href="#" class="forgot-password">蹇樿鐧诲綍瀵嗙爜锛?/a></div><button class="login-btn ">鐧诲綍</button><div class="register-link"><span>鏂扮敤鎴凤紵</span><button class="register-btn">鍏嶈垂娉ㄥ唽</button></div></div></div></div></div>

[90mstderr[2m | test/components/LoginForm.test.tsx[2m > [22m[2mLoginForm[2m > [22m[2m搴旇姝ｇ‘澶勭悊缃戠粶閿欒[22m[39m
<empty line>
[90mstdout[2m | test/components/LoginForm.test.tsx[2m > [22m[2mLoginForm[2m > [22m[2m搴旇姝ｇ‘澶勭悊缃戠粶閿欒[22m[39m
Current DOM: <div><div class="login-form-container"><div class="login-form"><div class="form-header"><h2 class="form-title">瀵嗙爜鐧诲綍</h2><span class="form-subtitle active">鐭俊鐧诲綍</span></div><div class="form-content"><div class="input-group"><input type="tel" class="form-input" placeholder="璇疯緭鍏ユ墜鏈哄彿" value="13800138000"></div><div class="input-group verification-group"><input type="text" class="form-input verification-input" placeholder="璇疯緭鍏ラ獙璇佺爜" value="123456"><button class="verification-btn ">鑾峰彇楠岃瘉鐮?/button></div><div class="form-options"><label class="checkbox-label"><input type="checkbox"><span class="checkbox-text">鑷姩鐧诲綍</span></label><a href="#" class="forgot-password">蹇樿鐧诲綍瀵嗙爜锛?/a></div><button class="login-btn ">鐧诲綍</button><div class="register-link"><span>鏂扮敤鎴凤紵</span><button class="register-btn">鍏嶈垂娉ㄥ唽</button></div></div></div></div></div>

[90mstderr[2m | test/components/LoginForm.test.tsx[2m > [22m[2mLoginForm[2m > [22m[2m搴旇姝ｇ‘澶勭悊缃戠粶閿欒[22m[39m
<empty line>
[90mstdout[2m | test/components/LoginForm.test.tsx[2m > [22m[2mLoginForm[2m > [22m[2m搴旇姝ｇ‘澶勭悊缃戠粶閿欒[22m[39m
Current DOM: <div><div class="login-form-container"><div class="login-form"><div class="form-header"><h2 class="form-title">瀵嗙爜鐧诲綍</h2><span class="form-subtitle active">鐭俊鐧诲綍</span></div><div class="form-content"><div class="input-group"><input type="tel" class="form-input" placeholder="璇疯緭鍏ユ墜鏈哄彿" value="13800138000"></div><div class="input-group verification-group"><input type="text" class="form-input verification-input" placeholder="璇疯緭鍏ラ獙璇佺爜" value="123456"><button class="verification-btn ">鑾峰彇楠岃瘉鐮?/button></div><div class="form-options"><label class="checkbox-label"><input type="checkbox"><span class="checkbox-text">鑷姩鐧诲綍</span></label><a href="#" class="forgot-password">蹇樿鐧诲綍瀵嗙爜锛?/a></div><button class="login-btn ">鐧诲綍</button><div class="register-link"><span>鏂扮敤鎴凤紵</span><button class="register-btn">鍏嶈垂娉ㄥ唽</button></div></div></div></div></div>

[90mstderr[2m | test/components/LoginForm.test.tsx[2m > [22m[2mLoginForm[2m > [22m[2m搴旇姝ｇ‘澶勭悊缃戠粶閿欒[22m[39m
<empty line>
[90mstdout[2m | test/components/LoginForm.test.tsx[2m > [22m[2mLoginForm[2m > [22m[2m搴旇姝ｇ‘澶勭悊缃戠粶閿欒[22m[39m
Current DOM: <div><div class="login-form-container"><div class="login-form"><div class="form-header"><h2 class="form-title">瀵嗙爜鐧诲綍</h2><span class="form-subtitle active">鐭俊鐧诲綍</span></div><div class="form-content"><div class="input-group"><input type="tel" class="form-input" placeholder="璇疯緭鍏ユ墜鏈哄彿" value="13800138000"></div><div class="input-group verification-group"><input type="text" class="form-input verification-input" placeholder="璇疯緭鍏ラ獙璇佺爜" value="123456"><button class="verification-btn ">鑾峰彇楠岃瘉鐮?/button></div><div class="form-options"><label class="checkbox-label"><input type="checkbox"><span class="checkbox-text">鑷姩鐧诲綍</span></label><a href="#" class="forgot-password">蹇樿鐧诲綍瀵嗙爜锛?/a></div><button class="login-btn ">鐧诲綍</button><div class="register-link"><span>鏂扮敤鎴凤紵</span><button class="register-btn">鍏嶈垂娉ㄥ唽</button></div></div></div></div></div>

[90mstderr[2m | test/components/LoginForm.test.tsx[2m > [22m[2mLoginForm[2m > [22m[2m搴旇姝ｇ‘澶勭悊缃戠粶閿欒[22m[39m
<empty line>
[90mstdout[2m | test/components/LoginForm.test.tsx[2m > [22m[2mLoginForm[2m > [22m[2m搴旇姝ｇ‘澶勭悊缃戠粶閿欒[22m[39m
Current DOM: <div><div class="login-form-container"><div class="login-form"><div class="form-header"><h2 class="form-title">瀵嗙爜鐧诲綍</h2><span class="form-subtitle active">鐭俊鐧诲綍</span></div><div class="form-content"><div class="input-group"><input type="tel" class="form-input" placeholder="璇疯緭鍏ユ墜鏈哄彿" value="13800138000"></div><div class="input-group verification-group"><input type="text" class="form-input verification-input" placeholder="璇疯緭鍏ラ獙璇佺爜" value="123456"><button class="verification-btn ">鑾峰彇楠岃瘉鐮?/button></div><div class="form-options"><label class="checkbox-label"><input type="checkbox"><span class="checkbox-text">鑷姩鐧诲綍</span></label><a href="#" class="forgot-password">蹇樿鐧诲綍瀵嗙爜锛?/a></div><button class="login-btn ">鐧诲綍</button><div class="register-link"><span>鏂扮敤鎴凤紵</span><button class="register-btn">鍏嶈垂娉ㄥ唽</button></div></div></div></div></div>

[90mstderr[2m | test/components/LoginForm.test.tsx[2m > [22m[2mLoginForm[2m > [22m[2m搴旇姝ｇ‘澶勭悊缃戠粶閿欒[22m[39m
<empty line>
[90mstdout[2m | test/components/LoginForm.test.tsx[2m > [22m[2mLoginForm[2m > [22m[2m搴旇姝ｇ‘澶勭悊缃戠粶閿欒[22m[39m
Current DOM: <div><div class="login-form-container"><div class="login-form"><div class="form-header"><h2 class="form-title">瀵嗙爜鐧诲綍</h2><span class="form-subtitle active">鐭俊鐧诲綍</span></div><div class="form-content"><div class="input-group"><input type="tel" class="form-input" placeholder="璇疯緭鍏ユ墜鏈哄彿" value="13800138000"></div><div class="input-group verification-group"><input type="text" class="form-input verification-input" placeholder="璇疯緭鍏ラ獙璇佺爜" value="123456"><button class="verification-btn ">鑾峰彇楠岃瘉鐮?/button></div><div class="form-options"><label class="checkbox-label"><input type="checkbox"><span class="checkbox-text">鑷姩鐧诲綍</span></label><a href="#" class="forgot-password">蹇樿鐧诲綍瀵嗙爜锛?/a></div><button class="login-btn ">鐧诲綍</button><div class="register-link"><span>鏂扮敤鎴凤紵</span><button class="register-btn">鍏嶈垂娉ㄥ唽</button></div></div></div></div></div>

[90mstderr[2m | test/components/LoginForm.test.tsx[2m > [22m[2mLoginForm[2m > [22m[2m搴旇姝ｇ‘澶勭悊缃戠粶閿欒[22m[39m
<empty line>
[90mstdout[2m | test/components/LoginForm.test.tsx[2m > [22m[2mLoginForm[2m > [22m[2m搴旇姝ｇ‘澶勭悊缃戠粶閿欒[22m[39m
Current DOM: <div><div class="login-form-container"><div class="login-form"><div class="form-header"><h2 class="form-title">瀵嗙爜鐧诲綍</h2><span class="form-subtitle active">鐭俊鐧诲綍</span></div><div class="form-content"><div class="input-group"><input type="tel" class="form-input" placeholder="璇疯緭鍏ユ墜鏈哄彿" value="13800138000"></div><div class="input-group verification-group"><input type="text" class="form-input verification-input" placeholder="璇疯緭鍏ラ獙璇佺爜" value="123456"><button class="verification-btn ">鑾峰彇楠岃瘉鐮?/button></div><div class="form-options"><label class="checkbox-label"><input type="checkbox"><span class="checkbox-text">鑷姩鐧诲綍</span></label><a href="#" class="forgot-password">蹇樿鐧诲綍瀵嗙爜锛?/a></div><button class="login-btn ">鐧诲綍</button><div class="register-link"><span>鏂扮敤鎴凤紵</span><button class="register-btn">鍏嶈垂娉ㄥ唽</button></div></div></div></div></div>

[90mstderr[2m | test/components/LoginForm.test.tsx[2m > [22m[2mLoginForm[2m > [22m[2m搴旇姝ｇ‘澶勭悊缃戠粶閿欒[22m[39m
<empty line>
[90mstdout[2m | test/components/LoginForm.test.tsx[2m > [22m[2mLoginForm[2m > [22m[2m搴旇姝ｇ‘澶勭悊缃戠粶閿欒[22m[39m
Current DOM: <div><div class="login-form-container"><div class="login-form"><div class="form-header"><h2 class="form-title">瀵嗙爜鐧诲綍</h2><span class="form-subtitle active">鐭俊鐧诲綍</span></div><div class="form-content"><div class="input-group"><input type="tel" class="form-input" placeholder="璇疯緭鍏ユ墜鏈哄彿" value="13800138000"></div><div class="input-group verification-group"><input type="text" class="form-input verification-input" placeholder="璇疯緭鍏ラ獙璇佺爜" value="123456"><button class="verification-btn ">鑾峰彇楠岃瘉鐮?/button></div><div class="form-options"><label class="checkbox-label"><input type="checkbox"><span class="checkbox-text">鑷姩鐧诲綍</span></label><a href="#" class="forgot-password">蹇樿鐧诲綍瀵嗙爜锛?/a></div><button class="login-btn ">鐧诲綍</button><div class="register-link"><span>鏂扮敤鎴凤紵</span><button class="register-btn">鍏嶈垂娉ㄥ唽</button></div></div></div></div></div>

[90mstderr[2m | test/components/LoginForm.test.tsx[2m > [22m[2mLoginForm[2m > [22m[2m搴旇姝ｇ‘澶勭悊缃戠粶閿欒[22m[39m
<empty line>
[90mstdout[2m | test/components/LoginForm.test.tsx[2m > [22m[2mLoginForm[2m > [22m[2m搴旇姝ｇ‘澶勭悊缃戠粶閿欒[22m[39m
Current DOM: <div><div class="login-form-container"><div class="login-form"><div class="form-header"><h2 class="form-title">瀵嗙爜鐧诲綍</h2><span class="form-subtitle active">鐭俊鐧诲綍</span></div><div class="form-content"><div class="input-group"><input type="tel" class="form-input" placeholder="璇疯緭鍏ユ墜鏈哄彿" value="13800138000"></div><div class="input-group verification-group"><input type="text" class="form-input verification-input" placeholder="璇疯緭鍏ラ獙璇佺爜" value="123456"><button class="verification-btn ">鑾峰彇楠岃瘉鐮?/button></div><div class="form-options"><label class="checkbox-label"><input type="checkbox"><span class="checkbox-text">鑷姩鐧诲綍</span></label><a href="#" class="forgot-password">蹇樿鐧诲綍瀵嗙爜锛?/a></div><button class="login-btn ">鐧诲綍</button><div class="register-link"><span>鏂扮敤鎴凤紵</span><button class="register-btn">鍏嶈垂娉ㄥ唽</button></div></div></div></div></div>

[90mstderr[2m | test/components/LoginForm.test.tsx[2m > [22m[2mLoginForm[2m > [22m[2m搴旇姝ｇ‘澶勭悊缃戠粶閿欒[22m[39m
<empty line>
[90mstdout[2m | test/components/LoginForm.test.tsx[2m > [22m[2mLoginForm[2m > [22m[2m搴旇姝ｇ‘澶勭悊缃戠粶閿欒[22m[39m
Current DOM: <div><div class="login-form-container"><div class="login-form"><div class="form-header"><h2 class="form-title">瀵嗙爜鐧诲綍</h2><span class="form-subtitle active">鐭俊鐧诲綍</span></div><div class="form-content"><div class="input-group"><input type="tel" class="form-input" placeholder="璇疯緭鍏ユ墜鏈哄彿" value="13800138000"></div><div class="input-group verification-group"><input type="text" class="form-input verification-input" placeholder="璇疯緭鍏ラ獙璇佺爜" value="123456"><button class="verification-btn ">鑾峰彇楠岃瘉鐮?/button></div><div class="form-options"><label class="checkbox-label"><input type="checkbox"><span class="checkbox-text">鑷姩鐧诲綍</span></label><a href="#" class="forgot-password">蹇樿鐧诲綍瀵嗙爜锛?/a></div><button class="login-btn ">鐧诲綍</button><div class="register-link"><span>鏂扮敤鎴凤紵</span><button class="register-btn">鍏嶈垂娉ㄥ唽</button></div></div></div></div></div>

[90mstderr[2m | test/components/LoginForm.test.tsx[2m > [22m[2mLoginForm[2m > [22m[2m搴旇姝ｇ‘澶勭悊缃戠粶閿欒[22m[39m
<empty line>
[90mstdout[2m | test/components/LoginForm.test.tsx[2m > [22m[2mLoginForm[2m > [22m[2m搴旇姝ｇ‘澶勭悊缃戠粶閿欒[22m[39m
Current DOM: <div><div class="login-form-container"><div class="login-form"><div class="form-header"><h2 class="form-title">瀵嗙爜鐧诲綍</h2><span class="form-subtitle active">鐭俊鐧诲綍</span></div><div class="form-content"><div class="input-group"><input type="tel" class="form-input" placeholder="璇疯緭鍏ユ墜鏈哄彿" value="13800138000"></div><div class="input-group verification-group"><input type="text" class="form-input verification-input" placeholder="璇疯緭鍏ラ獙璇佺爜" value="123456"><button class="verification-btn ">鑾峰彇楠岃瘉鐮?/button></div><div class="form-options"><label class="checkbox-label"><input type="checkbox"><span class="checkbox-text">鑷姩鐧诲綍</span></label><a href="#" class="forgot-password">蹇樿鐧诲綍瀵嗙爜锛?/a></div><button class="login-btn ">鐧诲綍</button><div class="register-link"><span>鏂扮敤鎴凤紵</span><button class="register-btn">鍏嶈垂娉ㄥ唽</button></div></div></div></div></div>

[90mstderr[2m | test/components/LoginForm.test.tsx[2m > [22m[2mLoginForm[2m > [22m[2m搴旇姝ｇ‘澶勭悊缃戠粶閿欒[22m[39m
<empty line>
[90mstdout[2m | test/components/LoginForm.test.tsx[2m > [22m[2mLoginForm[2m > [22m[2m搴旇姝ｇ‘澶勭悊缃戠粶閿欒[22m[39m
Current DOM: <div><div class="login-form-container"><div class="login-form"><div class="form-header"><h2 class="form-title">瀵嗙爜鐧诲綍</h2><span class="form-subtitle active">鐭俊鐧诲綍</span></div><div class="form-content"><div class="input-group"><input type="tel" class="form-input" placeholder="璇疯緭鍏ユ墜鏈哄彿" value="13800138000"></div><div class="input-group verification-group"><input type="text" class="form-input verification-input" placeholder="璇疯緭鍏ラ獙璇佺爜" value="123456"><button class="verification-btn ">鑾峰彇楠岃瘉鐮?/button></div><div class="form-options"><label class="checkbox-label"><input type="checkbox"><span class="checkbox-text">鑷姩鐧诲綍</span></label><a href="#" class="forgot-password">蹇樿鐧诲綍瀵嗙爜锛?/a></div><button class="login-btn ">鐧诲綍</button><div class="register-link"><span>鏂扮敤鎴凤紵</span><button class="register-btn">鍏嶈垂娉ㄥ唽</button></div></div></div></div></div>

[90mstderr[2m | test/components/LoginForm.test.tsx[2m > [22m[2mLoginForm[2m > [22m[2m搴旇姝ｇ‘澶勭悊缃戠粶閿欒[22m[39m
<empty line>
[90mstdout[2m | test/components/LoginForm.test.tsx[2m > [22m[2mLoginForm[2m > [22m[2m搴旇姝ｇ‘澶勭悊缃戠粶閿欒[22m[39m
Current DOM: <div><div class="login-form-container"><div class="login-form"><div class="form-header"><h2 class="form-title">瀵嗙爜鐧诲綍</h2><span class="form-subtitle active">鐭俊鐧诲綍</span></div><div class="form-content"><div class="input-group"><input type="tel" class="form-input" placeholder="璇疯緭鍏ユ墜鏈哄彿" value="13800138000"></div><div class="input-group verification-group"><input type="text" class="form-input verification-input" placeholder="璇疯緭鍏ラ獙璇佺爜" value="123456"><button class="verification-btn ">鑾峰彇楠岃瘉鐮?/button></div><div class="form-options"><label class="checkbox-label"><input type="checkbox"><span class="checkbox-text">鑷姩鐧诲綍</span></label><a href="#" class="forgot-password">蹇樿鐧诲綍瀵嗙爜锛?/a></div><button class="login-btn ">鐧诲綍</button><div class="register-link"><span>鏂扮敤鎴凤紵</span><button class="register-btn">鍏嶈垂娉ㄥ唽</button></div></div></div></div></div>

[90mstderr[2m | test/components/LoginForm.test.tsx[2m > [22m[2mLoginForm[2m > [22m[2m搴旇姝ｇ‘澶勭悊缃戠粶閿欒[22m[39m
<empty line>
[90mstdout[2m | test/components/LoginForm.test.tsx[2m > [22m[2mLoginForm[2m > [22m[2m搴旇姝ｇ‘澶勭悊缃戠粶閿欒[22m[39m
Current DOM: <div><div class="login-form-container"><div class="login-form"><div class="form-header"><h2 class="form-title">瀵嗙爜鐧诲綍</h2><span class="form-subtitle active">鐭俊鐧诲綍</span></div><div class="form-content"><div class="input-group"><input type="tel" class="form-input" placeholder="璇疯緭鍏ユ墜鏈哄彿" value="13800138000"></div><div class="input-group verification-group"><input type="text" class="form-input verification-input" placeholder="璇疯緭鍏ラ獙璇佺爜" value="123456"><button class="verification-btn ">鑾峰彇楠岃瘉鐮?/button></div><div class="form-options"><label class="checkbox-label"><input type="checkbox"><span class="checkbox-text">鑷姩鐧诲綍</span></label><a href="#" class="forgot-password">蹇樿鐧诲綍瀵嗙爜锛?/a></div><button class="login-btn ">鐧诲綍</button><div class="register-link"><span>鏂扮敤鎴凤紵</span><button class="register-btn">鍏嶈垂娉ㄥ唽</button></div></div></div></div></div>

[90mstderr[2m | test/components/LoginForm.test.tsx[2m > [22m[2mLoginForm[2m > [22m[2m搴旇姝ｇ‘澶勭悊缃戠粶閿欒[22m[39m
<empty line>
[90mstdout[2m | test/components/LoginForm.test.tsx[2m > [22m[2mLoginForm[2m > [22m[2m搴旇姝ｇ‘澶勭悊缃戠粶閿欒[22m[39m
Current DOM: <div><div class="login-form-container"><div class="login-form"><div class="form-header"><h2 class="form-title">瀵嗙爜鐧诲綍</h2><span class="form-subtitle active">鐭俊鐧诲綍</span></div><div class="form-content"><div class="input-group"><input type="tel" class="form-input" placeholder="璇疯緭鍏ユ墜鏈哄彿" value="13800138000"></div><div class="input-group verification-group"><input type="text" class="form-input verification-input" placeholder="璇疯緭鍏ラ獙璇佺爜" value="123456"><button class="verification-btn ">鑾峰彇楠岃瘉鐮?/button></div><div class="form-options"><label class="checkbox-label"><input type="checkbox"><span class="checkbox-text">鑷姩鐧诲綍</span></label><a href="#" class="forgot-password">蹇樿鐧诲綍瀵嗙爜锛?/a></div><button class="login-btn ">鐧诲綍</button><div class="register-link"><span>鏂扮敤鎴凤紵</span><button class="register-btn">鍏嶈垂娉ㄥ唽</button></div></div></div></div></div>

[90mstderr[2m | test/components/LoginForm.test.tsx[2m > [22m[2mLoginForm[2m > [22m[2m搴旇姝ｇ‘澶勭悊缃戠粶閿欒[22m[39m
<empty line>
[90mstdout[2m | test/components/LoginForm.test.tsx[2m > [22m[2mLoginForm[2m > [22m[2m搴旇姝ｇ‘澶勭悊缃戠粶閿欒[22m[39m
Current DOM: <div><div class="login-form-container"><div class="login-form"><div class="form-header"><h2 class="form-title">瀵嗙爜鐧诲綍</h2><span class="form-subtitle active">鐭俊鐧诲綍</span></div><div class="form-content"><div class="input-group"><input type="tel" class="form-input" placeholder="璇疯緭鍏ユ墜鏈哄彿" value="13800138000"></div><div class="input-group verification-group"><input type="text" class="form-input verification-input" placeholder="璇疯緭鍏ラ獙璇佺爜" value="123456"><button class="verification-btn ">鑾峰彇楠岃瘉鐮?/button></div><div class="form-options"><label class="checkbox-label"><input type="checkbox"><span class="checkbox-text">鑷姩鐧诲綍</span></label><a href="#" class="forgot-password">蹇樿鐧诲綍瀵嗙爜锛?/a></div><button class="login-btn ">鐧诲綍</button><div class="register-link"><span>鏂扮敤鎴凤紵</span><button class="register-btn">鍏嶈垂娉ㄥ唽</button></div></div></div></div></div>

[90mstderr[2m | test/components/LoginForm.test.tsx[2m > [22m[2mLoginForm[2m > [22m[2m搴旇姝ｇ‘澶勭悊缃戠粶閿欒[22m[39m
<empty line>
[90mstdout[2m | test/components/LoginForm.test.tsx[2m > [22m[2mLoginForm[2m > [22m[2m搴旇姝ｇ‘澶勭悊缃戠粶閿欒[22m[39m
Current DOM: <div><div class="login-form-container"><div class="login-form"><div class="form-header"><h2 class="form-title">瀵嗙爜鐧诲綍</h2><span class="form-subtitle active">鐭俊鐧诲綍</span></div><div class="form-content"><div class="input-group"><input type="tel" class="form-input" placeholder="璇疯緭鍏ユ墜鏈哄彿" value="13800138000"></div><div class="input-group verification-group"><input type="text" class="form-input verification-input" placeholder="璇疯緭鍏ラ獙璇佺爜" value="123456"><button class="verification-btn ">鑾峰彇楠岃瘉鐮?/button></div><div class="form-options"><label class="checkbox-label"><input type="checkbox"><span class="checkbox-text">鑷姩鐧诲綍</span></label><a href="#" class="forgot-password">蹇樿鐧诲綍瀵嗙爜锛?/a></div><button class="login-btn ">鐧诲綍</button><div class="register-link"><span>鏂扮敤鎴凤紵</span><button class="register-btn">鍏嶈垂娉ㄥ唽</button></div></div></div></div></div>

[90mstderr[2m | test/components/LoginForm.test.tsx[2m > [22m[2mLoginForm[2m > [22m[2m搴旇姝ｇ‘澶勭悊缃戠粶閿欒[22m[39m
<empty line>
[90mstdout[2m | test/components/LoginForm.test.tsx[2m > [22m[2mLoginForm[2m > [22m[2m搴旇姝ｇ‘澶勭悊缃戠粶閿欒[22m[39m
Current DOM: <div><div class="login-form-container"><div class="login-form"><div class="form-header"><h2 class="form-title">瀵嗙爜鐧诲綍</h2><span class="form-subtitle active">鐭俊鐧诲綍</span></div><div class="form-content"><div class="input-group"><input type="tel" class="form-input" placeholder="璇疯緭鍏ユ墜鏈哄彿" value="13800138000"></div><div class="input-group verification-group"><input type="text" class="form-input verification-input" placeholder="璇疯緭鍏ラ獙璇佺爜" value="123456"><button class="verification-btn ">鑾峰彇楠岃瘉鐮?/button></div><div class="form-options"><label class="checkbox-label"><input type="checkbox"><span class="checkbox-text">鑷姩鐧诲綍</span></label><a href="#" class="forgot-password">蹇樿鐧诲綍瀵嗙爜锛?/a></div><button class="login-btn ">鐧诲綍</button><div class="register-link"><span>鏂扮敤鎴凤紵</span><button class="register-btn">鍏嶈垂娉ㄥ唽</button></div></div></div></div></div>

[90mstderr[2m | test/components/LoginForm.test.tsx[2m > [22m[2mLoginForm[2m > [22m[2m搴旇姝ｇ‘澶勭悊缃戠粶閿欒[22m[39m
<empty line>
[90mstdout[2m | test/components/LoginForm.test.tsx[2m > [22m[2mLoginForm[2m > [22m[2m搴旇姝ｇ‘澶勭悊缃戠粶閿欒[22m[39m
Current DOM: <div><div class="login-form-container"><div class="login-form"><div class="form-header"><h2 class="form-title">瀵嗙爜鐧诲綍</h2><span class="form-subtitle active">鐭俊鐧诲綍</span></div><div class="form-content"><div class="input-group"><input type="tel" class="form-input" placeholder="璇疯緭鍏ユ墜鏈哄彿" value="13800138000"></div><div class="input-group verification-group"><input type="text" class="form-input verification-input" placeholder="璇疯緭鍏ラ獙璇佺爜" value="123456"><button class="verification-btn ">鑾峰彇楠岃瘉鐮?/button></div><div class="form-options"><label class="checkbox-label"><input type="checkbox"><span class="checkbox-text">鑷姩鐧诲綍</span></label><a href="#" class="forgot-password">蹇樿鐧诲綍瀵嗙爜锛?/a></div><button class="login-btn ">鐧诲綍</button><div class="register-link"><span>鏂扮敤鎴凤紵</span><button class="register-btn">鍏嶈垂娉ㄥ唽</button></div></div></div></div></div>

[90mstdout[2m | test/components/LoginForm.test.tsx[2m > [22m[2mLoginForm[2m > [22m[2m搴旇姝ｇ‘澶勭悊缃戠粶閿欒[22m[39m
Current DOM: <div><div class="login-form-container"><div class="login-form"><div class="form-header"><h2 class="form-title">瀵嗙爜鐧诲綍</h2><span class="form-subtitle active">鐭俊鐧诲綍</span></div><div class="form-content"><div class="input-group"><input type="tel" class="form-input" placeholder="璇疯緭鍏ユ墜鏈哄彿" value="13800138000"></div><div class="input-group verification-group"><input type="text" class="form-input verification-input" placeholder="璇疯緭鍏ラ獙璇佺爜" value="123456"><button class="verification-btn ">鑾峰彇楠岃瘉鐮?/button></div><div class="form-options"><label class="checkbox-label"><input type="checkbox"><span class="checkbox-text">鑷姩鐧诲綍</span></label><a href="#" class="forgot-password">蹇樿鐧诲綍瀵嗙爜锛?/a></div><button class="login-btn ">鐧诲綍</button><div class="register-link"><span>鏂扮敤鎴凤紵</span><button class="register-btn">鍏嶈垂娉ㄥ唽</button></div></div></div></div></div>

[90mstderr[2m | test/components/LoginForm.test.tsx[2m > [22m[2mLoginForm[2m > [22m[2m搴旇姝ｇ‘澶勭悊缃戠粶閿欒[22m[39m
<empty line>
[90mstderr[2m | test/components/LoginForm.test.tsx[2m > [22m[2mLoginForm[2m > [22m[2m搴旇姝ｇ‘澶勭悊缃戠粶閿欒[22m[39m
<empty line>
[90mstdout[2m | test/components/LoginForm.test.tsx[2m > [22m[2mLoginForm[2m > [22m[2m搴旇姝ｇ‘澶勭悊缃戠粶閿欒[22m[39m
Current DOM: <div><div class="login-form-container"><div class="login-form"><div class="form-header"><h2 class="form-title">瀵嗙爜鐧诲綍</h2><span class="form-subtitle active">鐭俊鐧诲綍</span></div><div class="form-content"><div class="input-group"><input type="tel" class="form-input" placeholder="璇疯緭鍏ユ墜鏈哄彿" value="13800138000"></div><div class="input-group verification-group"><input type="text" class="form-input verification-input" placeholder="璇疯緭鍏ラ獙璇佺爜" value="123456"><button class="verification-btn ">鑾峰彇楠岃瘉鐮?/button></div><div class="form-options"><label class="checkbox-label"><input type="checkbox"><span class="checkbox-text">鑷姩鐧诲綍</span></label><a href="#" class="forgot-password">蹇樿鐧诲綍瀵嗙爜锛?/a></div><button class="login-btn ">鐧诲綍</button><div class="register-link"><span>鏂扮敤鎴凤紵</span><button class="register-btn">鍏嶈垂娉ㄥ唽</button></div></div></div></div></div>

[90mstderr[2m | test/components/LoginForm.test.tsx[2m > [22m[2mLoginForm[2m > [22m[2m搴旇姝ｇ‘澶勭悊缃戠粶閿欒[22m[39m
<empty line>
[90mstdout[2m | test/components/LoginForm.test.tsx[2m > [22m[2mLoginForm[2m > [22m[2m搴旇姝ｇ‘澶勭悊缃戠粶閿欒[22m[39m
Current DOM: <div><div class="login-form-container"><div class="login-form"><div class="form-header"><h2 class="form-title">瀵嗙爜鐧诲綍</h2><span class="form-subtitle active">鐭俊鐧诲綍</span></div><div class="form-content"><div class="input-group"><input type="tel" class="form-input" placeholder="璇疯緭鍏ユ墜鏈哄彿" value="13800138000"></div><div class="input-group verification-group"><input type="text" class="form-input verification-input" placeholder="璇疯緭鍏ラ獙璇佺爜" value="123456"><button class="verification-btn ">鑾峰彇楠岃瘉鐮?/button></div><div class="form-options"><label class="checkbox-label"><input type="checkbox"><span class="checkbox-text">鑷姩鐧诲綍</span></label><a href="#" class="forgot-password">蹇樿鐧诲綍瀵嗙爜锛?/a></div><button class="login-btn ">鐧诲綍</button><div class="register-link"><span>鏂扮敤鎴凤紵</span><button class="register-btn">鍏嶈垂娉ㄥ唽</button></div></div></div></div></div>

[90mstderr[2m | test/components/LoginForm.test.tsx[2m > [22m[2mLoginForm[2m > [22m[2m搴旇姝ｇ‘澶勭悊缃戠粶閿欒[22m[39m
<empty line>
[90mstdout[2m | test/components/LoginForm.test.tsx[2m > [22m[2mLoginForm[2m > [22m[2m搴旇姝ｇ‘澶勭悊缃戠粶閿欒[22m[39m
Current DOM: <div><div class="login-form-container"><div class="login-form"><div class="form-header"><h2 class="form-title">瀵嗙爜鐧诲綍</h2><span class="form-subtitle active">鐭俊鐧诲綍</span></div><div class="form-content"><div class="input-group"><input type="tel" class="form-input" placeholder="璇疯緭鍏ユ墜鏈哄彿" value="13800138000"></div><div class="input-group verification-group"><input type="text" class="form-input verification-input" placeholder="璇疯緭鍏ラ獙璇佺爜" value="123456"><button class="verification-btn ">鑾峰彇楠岃瘉鐮?/button></div><div class="form-options"><label class="checkbox-label"><input type="checkbox"><span class="checkbox-text">鑷姩鐧诲綍</span></label><a href="#" class="forgot-password">蹇樿鐧诲綍瀵嗙爜锛?/a></div><button class="login-btn ">鐧诲綍</button><div class="register-link"><span>鏂扮敤鎴凤紵</span><button class="register-btn">鍏嶈垂娉ㄥ唽</button></div></div></div></div></div>

[90mstderr[2m | test/components/LoginForm.test.tsx[2m > [22m[2mLoginForm[2m > [22m[2m搴旇姝ｇ‘澶勭悊缃戠粶閿欒[22m[39m
<empty line>
[90mstdout[2m | test/components/LoginForm.test.tsx[2m > [22m[2mLoginForm[2m > [22m[2m搴旇姝ｇ‘澶勭悊缃戠粶閿欒[22m[39m
Current DOM: <div><div class="login-form-container"><div class="login-form"><div class="form-header"><h2 class="form-title">瀵嗙爜鐧诲綍</h2><span class="form-subtitle active">鐭俊鐧诲綍</span></div><div class="form-content"><div class="input-group"><input type="tel" class="form-input" placeholder="璇疯緭鍏ユ墜鏈哄彿" value="13800138000"></div><div class="input-group verification-group"><input type="text" class="form-input verification-input" placeholder="璇疯緭鍏ラ獙璇佺爜" value="123456"><button class="verification-btn ">鑾峰彇楠岃瘉鐮?/button></div><div class="form-options"><label class="checkbox-label"><input type="checkbox"><span class="checkbox-text">鑷姩鐧诲綍</span></label><a href="#" class="forgot-password">蹇樿鐧诲綍瀵嗙爜锛?/a></div><button class="login-btn ">鐧诲綍</button><div class="register-link"><span>鏂扮敤鎴凤紵</span><button class="register-btn">鍏嶈垂娉ㄥ唽</button></div></div></div></div></div>

[90mstderr[2m | test/components/LoginForm.test.tsx[2m > [22m[2mLoginForm[2m > [22m[2m搴旇姝ｇ‘澶勭悊缃戠粶閿欒[22m[39m
<empty line>
[90mstdout[2m | test/components/LoginForm.test.tsx[2m > [22m[2mLoginForm[2m > [22m[2m搴旇姝ｇ‘澶勭悊缃戠粶閿欒[22m[39m
Current DOM: <div><div class="login-form-container"><div class="login-form"><div class="form-header"><h2 class="form-title">瀵嗙爜鐧诲綍</h2><span class="form-subtitle active">鐭俊鐧诲綍</span></div><div class="form-content"><div class="input-group"><input type="tel" class="form-input" placeholder="璇疯緭鍏ユ墜鏈哄彿" value="13800138000"></div><div class="input-group verification-group"><input type="text" class="form-input verification-input" placeholder="璇疯緭鍏ラ獙璇佺爜" value="123456"><button class="verification-btn ">鑾峰彇楠岃瘉鐮?/button></div><div class="form-options"><label class="checkbox-label"><input type="checkbox"><span class="checkbox-text">鑷姩鐧诲綍</span></label><a href="#" class="forgot-password">蹇樿鐧诲綍瀵嗙爜锛?/a></div><button class="login-btn ">鐧诲綍</button><div class="register-link"><span>鏂扮敤鎴凤紵</span><button class="register-btn">鍏嶈垂娉ㄥ唽</button></div></div></div></div></div>

[90mstderr[2m | test/components/LoginForm.test.tsx[2m > [22m[2mLoginForm[2m > [22m[2m搴旇姝ｇ‘澶勭悊缃戠粶閿欒[22m[39m
<empty line>
[90mstdout[2m | test/components/LoginForm.test.tsx[2m > [22m[2mLoginForm[2m > [22m[2m搴旇姝ｇ‘澶勭悊缃戠粶閿欒[22m[39m
Current DOM: <div><div class="login-form-container"><div class="login-form"><div class="form-header"><h2 class="form-title">瀵嗙爜鐧诲綍</h2><span class="form-subtitle active">鐭俊鐧诲綍</span></div><div class="form-content"><div class="input-group"><input type="tel" class="form-input" placeholder="璇疯緭鍏ユ墜鏈哄彿" value="13800138000"></div><div class="input-group verification-group"><input type="text" class="form-input verification-input" placeholder="璇疯緭鍏ラ獙璇佺爜" value="123456"><button class="verification-btn ">鑾峰彇楠岃瘉鐮?/button></div><div class="form-options"><label class="checkbox-label"><input type="checkbox"><span class="checkbox-text">鑷姩鐧诲綍</span></label><a href="#" class="forgot-password">蹇樿鐧诲綍瀵嗙爜锛?/a></div><button class="login-btn ">鐧诲綍</button><div class="register-link"><span>鏂扮敤鎴凤紵</span><button class="register-btn">鍏嶈垂娉ㄥ唽</button></div></div></div></div></div>

[90mstderr[2m | test/components/LoginForm.test.tsx[2m > [22m[2mLoginForm[2m > [22m[2m搴旇姝ｇ‘澶勭悊缃戠粶閿欒[22m[39m
<empty line>
[90mstdout[2m | test/components/LoginForm.test.tsx[2m > [22m[2mLoginForm[2m > [22m[2m搴旇姝ｇ‘澶勭悊缃戠粶閿欒[22m[39m
Current DOM: <div><div class="login-form-container"><div class="login-form"><div class="form-header"><h2 class="form-title">瀵嗙爜鐧诲綍</h2><span class="form-subtitle active">鐭俊鐧诲綍</span></div><div class="form-content"><div class="input-group"><input type="tel" class="form-input" placeholder="璇疯緭鍏ユ墜鏈哄彿" value="13800138000"></div><div class="input-group verification-group"><input type="text" class="form-input verification-input" placeholder="璇疯緭鍏ラ獙璇佺爜" value="123456"><button class="verification-btn ">鑾峰彇楠岃瘉鐮?/button></div><div class="form-options"><label class="checkbox-label"><input type="checkbox"><span class="checkbox-text">鑷姩鐧诲綍</span></label><a href="#" class="forgot-password">蹇樿鐧诲綍瀵嗙爜锛?/a></div><button class="login-btn ">鐧诲綍</button><div class="register-link"><span>鏂扮敤鎴凤紵</span><button class="register-btn">鍏嶈垂娉ㄥ唽</button></div></div></div></div></div>

[90mstderr[2m | test/components/LoginForm.test.tsx[2m > [22m[2mLoginForm[2m > [22m[2m搴旇姝ｇ‘澶勭悊缃戠粶閿欒[22m[39m
<empty line>
[90mstdout[2m | test/components/LoginForm.test.tsx[2m > [22m[2mLoginForm[2m > [22m[2m搴旇姝ｇ‘澶勭悊缃戠粶閿欒[22m[39m
Current DOM: <div><div class="login-form-container"><div class="login-form"><div class="form-header"><h2 class="form-title">瀵嗙爜鐧诲綍</h2><span class="form-subtitle active">鐭俊鐧诲綍</span></div><div class="form-content"><div class="input-group"><input type="tel" class="form-input" placeholder="璇疯緭鍏ユ墜鏈哄彿" value="13800138000"></div><div class="input-group verification-group"><input type="text" class="form-input verification-input" placeholder="璇疯緭鍏ラ獙璇佺爜" value="123456"><button class="verification-btn ">鑾峰彇楠岃瘉鐮?/button></div><div class="form-options"><label class="checkbox-label"><input type="checkbox"><span class="checkbox-text">鑷姩鐧诲綍</span></label><a href="#" class="forgot-password">蹇樿鐧诲綍瀵嗙爜锛?/a></div><button class="login-btn ">鐧诲綍</button><div class="register-link"><span>鏂扮敤鎴凤紵</span><button class="register-btn">鍏嶈垂娉ㄥ唽</button></div></div></div></div></div>

[90mstderr[2m | test/components/LoginForm.test.tsx[2m > [22m[2mLoginForm[2m > [22m[2m搴旇姝ｇ‘澶勭悊缃戠粶閿欒[22m[39m
<empty line>
[90mstdout[2m | test/components/LoginForm.test.tsx[2m > [22m[2mLoginForm[2m > [22m[2m搴旇姝ｇ‘澶勭悊缃戠粶閿欒[22m[39m
Current DOM: <div><div class="login-form-container"><div class="login-form"><div class="form-header"><h2 class="form-title">瀵嗙爜鐧诲綍</h2><span class="form-subtitle active">鐭俊鐧诲綍</span></div><div class="form-content"><div class="input-group"><input type="tel" class="form-input" placeholder="璇疯緭鍏ユ墜鏈哄彿" value="13800138000"></div><div class="input-group verification-group"><input type="text" class="form-input verification-input" placeholder="璇疯緭鍏ラ獙璇佺爜" value="123456"><button class="verification-btn ">鑾峰彇楠岃瘉鐮?/button></div><div class="form-options"><label class="checkbox-label"><input type="checkbox"><span class="checkbox-text">鑷姩鐧诲綍</span></label><a href="#" class="forgot-password">蹇樿鐧诲綍瀵嗙爜锛?/a></div><button class="login-btn ">鐧诲綍</button><div class="register-link"><span>鏂扮敤鎴凤紵</span><button class="register-btn">鍏嶈垂娉ㄥ唽</button></div></div></div></div></div>

[90mstderr[2m | test/components/LoginForm.test.tsx[2m > [22m[2mLoginForm[2m > [22m[2m搴旇姝ｇ‘澶勭悊缃戠粶閿欒[22m[39m
<empty line>
[90mstdout[2m | test/components/LoginForm.test.tsx[2m > [22m[2mLoginForm[2m > [22m[2m搴旇姝ｇ‘澶勭悊缃戠粶閿欒[22m[39m
Current DOM: <div><div class="login-form-container"><div class="login-form"><div class="form-header"><h2 class="form-title">瀵嗙爜鐧诲綍</h2><span class="form-subtitle active">鐭俊鐧诲綍</span></div><div class="form-content"><div class="input-group"><input type="tel" class="form-input" placeholder="璇疯緭鍏ユ墜鏈哄彿" value="13800138000"></div><div class="input-group verification-group"><input type="text" class="form-input verification-input" placeholder="璇疯緭鍏ラ獙璇佺爜" value="123456"><button class="verification-btn ">鑾峰彇楠岃瘉鐮?/button></div><div class="form-options"><label class="checkbox-label"><input type="checkbox"><span class="checkbox-text">鑷姩鐧诲綍</span></label><a href="#" class="forgot-password">蹇樿鐧诲綍瀵嗙爜锛?/a></div><button class="login-btn ">鐧诲綍</button><div class="register-link"><span>鏂扮敤鎴凤紵</span><button class="register-btn">鍏嶈垂娉ㄥ唽</button></div></div></div></div></div>

[90mstderr[2m | test/components/LoginForm.test.tsx[2m > [22m[2mLoginForm[2m > [22m[2m搴旇姝ｇ‘澶勭悊缃戠粶閿欒[22m[39m
<empty line>
[90mstdout[2m | test/components/LoginForm.test.tsx[2m > [22m[2mLoginForm[2m > [22m[2m搴旇姝ｇ‘澶勭悊缃戠粶閿欒[22m[39m
Current DOM: <div><div class="login-form-container"><div class="login-form"><div class="form-header"><h2 class="form-title">瀵嗙爜鐧诲綍</h2><span class="form-subtitle active">鐭俊鐧诲綍</span></div><div class="form-content"><div class="input-group"><input type="tel" class="form-input" placeholder="璇疯緭鍏ユ墜鏈哄彿" value="13800138000"></div><div class="input-group verification-group"><input type="text" class="form-input verification-input" placeholder="璇疯緭鍏ラ獙璇佺爜" value="123456"><button class="verification-btn ">鑾峰彇楠岃瘉鐮?/button></div><div class="form-options"><label class="checkbox-label"><input type="checkbox"><span class="checkbox-text">鑷姩鐧诲綍</span></label><a href="#" class="forgot-password">蹇樿鐧诲綍瀵嗙爜锛?/a></div><button class="login-btn ">鐧诲綍</button><div class="register-link"><span>鏂扮敤鎴凤紵</span><button class="register-btn">鍏嶈垂娉ㄥ唽</button></div></div></div></div></div>

[90mstderr[2m | test/components/LoginForm.test.tsx[2m > [22m[2mLoginForm[2m > [22m[2m搴旇姝ｇ‘澶勭悊缃戠粶閿欒[22m[39m
<empty line>
[90mstdout[2m | test/components/LoginForm.test.tsx[2m > [22m[2mLoginForm[2m > [22m[2m搴旇姝ｇ‘澶勭悊缃戠粶閿欒[22m[39m
Current DOM: <div><div class="login-form-container"><div class="login-form"><div class="form-header"><h2 class="form-title">瀵嗙爜鐧诲綍</h2><span class="form-subtitle active">鐭俊鐧诲綍</span></div><div class="form-content"><div class="input-group"><input type="tel" class="form-input" placeholder="璇疯緭鍏ユ墜鏈哄彿" value="13800138000"></div><div class="input-group verification-group"><input type="text" class="form-input verification-input" placeholder="璇疯緭鍏ラ獙璇佺爜" value="123456"><button class="verification-btn ">鑾峰彇楠岃瘉鐮?/button></div><div class="form-options"><label class="checkbox-label"><input type="checkbox"><span class="checkbox-text">鑷姩鐧诲綍</span></label><a href="#" class="forgot-password">蹇樿鐧诲綍瀵嗙爜锛?/a></div><button class="login-btn ">鐧诲綍</button><div class="register-link"><span>鏂扮敤鎴凤紵</span><button class="register-btn">鍏嶈垂娉ㄥ唽</button></div></div></div></div></div>

[90mstderr[2m | test/components/LoginForm.test.tsx[2m > [22m[2mLoginForm[2m > [22m[2m搴旇姝ｇ‘澶勭悊缃戠粶閿欒[22m[39m
<empty line>
[90mstdout[2m | test/components/LoginForm.test.tsx[2m > [22m[2mLoginForm[2m > [22m[2m搴旇姝ｇ‘澶勭悊缃戠粶閿欒[22m[39m
Current DOM: <div><div class="login-form-container"><div class="login-form"><div class="form-header"><h2 class="form-title">瀵嗙爜鐧诲綍</h2><span class="form-subtitle active">鐭俊鐧诲綍</span></div><div class="form-content"><div class="input-group"><input type="tel" class="form-input" placeholder="璇疯緭鍏ユ墜鏈哄彿" value="13800138000"></div><div class="input-group verification-group"><input type="text" class="form-input verification-input" placeholder="璇疯緭鍏ラ獙璇佺爜" value="123456"><button class="verification-btn ">鑾峰彇楠岃瘉鐮?/button></div><div class="form-options"><label class="checkbox-label"><input type="checkbox"><span class="checkbox-text">鑷姩鐧诲綍</span></label><a href="#" class="forgot-password">蹇樿鐧诲綍瀵嗙爜锛?/a></div><button class="login-btn ">鐧诲綍</button><div class="register-link"><span>鏂扮敤鎴凤紵</span><button class="register-btn">鍏嶈垂娉ㄥ唽</button></div></div></div></div></div>

[90mstderr[2m | test/components/LoginForm.test.tsx[2m > [22m[2mLoginForm[2m > [22m[2m搴旇姝ｇ‘澶勭悊缃戠粶閿欒[22m[39m
<empty line>
[90mstdout[2m | test/components/LoginForm.test.tsx[2m > [22m[2mLoginForm[2m > [22m[2m搴旇姝ｇ‘澶勭悊缃戠粶閿欒[22m[39m
Current DOM: <div><div class="login-form-container"><div class="login-form"><div class="form-header"><h2 class="form-title">瀵嗙爜鐧诲綍</h2><span class="form-subtitle active">鐭俊鐧诲綍</span></div><div class="form-content"><div class="input-group"><input type="tel" class="form-input" placeholder="璇疯緭鍏ユ墜鏈哄彿" value="13800138000"></div><div class="input-group verification-group"><input type="text" class="form-input verification-input" placeholder="璇疯緭鍏ラ獙璇佺爜" value="123456"><button class="verification-btn ">鑾峰彇楠岃瘉鐮?/button></div><div class="form-options"><label class="checkbox-label"><input type="checkbox"><span class="checkbox-text">鑷姩鐧诲綍</span></label><a href="#" class="forgot-password">蹇樿鐧诲綍瀵嗙爜锛?/a></div><button class="login-btn ">鐧诲綍</button><div class="register-link"><span>鏂扮敤鎴凤紵</span><button class="register-btn">鍏嶈垂娉ㄥ唽</button></div></div></div></div></div>

[90mstderr[2m | test/components/LoginForm.test.tsx[2m > [22m[2mLoginForm[2m > [22m[2m搴旇姝ｇ‘澶勭悊缃戠粶閿欒[22m[39m
<empty line>
[90mstdout[2m | test/components/LoginForm.test.tsx[2m > [22m[2mLoginForm[2m > [22m[2m搴旇姝ｇ‘澶勭悊缃戠粶閿欒[22m[39m
Current DOM: <div><div class="login-form-container"><div class="login-form"><div class="form-header"><h2 class="form-title">瀵嗙爜鐧诲綍</h2><span class="form-subtitle active">鐭俊鐧诲綍</span></div><div class="form-content"><div class="input-group"><input type="tel" class="form-input" placeholder="璇疯緭鍏ユ墜鏈哄彿" value="13800138000"></div><div class="input-group verification-group"><input type="text" class="form-input verification-input" placeholder="璇疯緭鍏ラ獙璇佺爜" value="123456"><button class="verification-btn ">鑾峰彇楠岃瘉鐮?/button></div><div class="form-options"><label class="checkbox-label"><input type="checkbox"><span class="checkbox-text">鑷姩鐧诲綍</span></label><a href="#" class="forgot-password">蹇樿鐧诲綍瀵嗙爜锛?/a></div><button class="login-btn ">鐧诲綍</button><div class="register-link"><span>鏂扮敤鎴凤紵</span><button class="register-btn">鍏嶈垂娉ㄥ唽</button></div></div></div></div></div>

[90mstderr[2m | test/components/LoginForm.test.tsx[2m > [22m[2mLoginForm[2m > [22m[2m搴旇姝ｇ‘澶勭悊缃戠粶閿欒[22m[39m
<empty line>
[90mstdout[2m | test/components/LoginForm.test.tsx[2m > [22m[2mLoginForm[2m > [22m[2m搴旇姝ｇ‘澶勭悊缃戠粶閿欒[22m[39m
Current DOM: <div><div class="login-form-container"><div class="login-form"><div class="form-header"><h2 class="form-title">瀵嗙爜鐧诲綍</h2><span class="form-subtitle active">鐭俊鐧诲綍</span></div><div class="form-content"><div class="input-group"><input type="tel" class="form-input" placeholder="璇疯緭鍏ユ墜鏈哄彿" value="13800138000"></div><div class="input-group verification-group"><input type="text" class="form-input verification-input" placeholder="璇疯緭鍏ラ獙璇佺爜" value="123456"><button class="verification-btn ">鑾峰彇楠岃瘉鐮?/button></div><div class="form-options"><label class="checkbox-label"><input type="checkbox"><span class="checkbox-text">鑷姩鐧诲綍</span></label><a href="#" class="forgot-password">蹇樿鐧诲綍瀵嗙爜锛?/a></div><button class="login-btn ">鐧诲綍</button><div class="register-link"><span>鏂扮敤鎴凤紵</span><button class="register-btn">鍏嶈垂娉ㄥ唽</button></div></div></div></div></div>

[90mstderr[2m | test/components/LoginForm.test.tsx[2m > [22m[2mLoginForm[2m > [22m[2m搴旇姝ｇ‘澶勭悊缃戠粶閿欒[22m[39m
<empty line>
[90mstdout[2m | test/components/LoginForm.test.tsx[2m > [22m[2mLoginForm[2m > [22m[2m搴旇姝ｇ‘澶勭悊缃戠粶閿欒[22m[39m
Current DOM: <div><div class="login-form-container"><div class="login-form"><div class="form-header"><h2 class="form-title">瀵嗙爜鐧诲綍</h2><span class="form-subtitle active">鐭俊鐧诲綍</span></div><div class="form-content"><div class="input-group"><input type="tel" class="form-input" placeholder="璇疯緭鍏ユ墜鏈哄彿" value="13800138000"></div><div class="input-group verification-group"><input type="text" class="form-input verification-input" placeholder="璇疯緭鍏ラ獙璇佺爜" value="123456"><button class="verification-btn ">鑾峰彇楠岃瘉鐮?/button></div><div class="form-options"><label class="checkbox-label"><input type="checkbox"><span class="checkbox-text">鑷姩鐧诲綍</span></label><a href="#" class="forgot-password">蹇樿鐧诲綍瀵嗙爜锛?/a></div><button class="login-btn ">鐧诲綍</button><div class="register-link"><span>鏂扮敤鎴凤紵</span><button class="register-btn">鍏嶈垂娉ㄥ唽</button></div></div></div></div></div>

[90mstderr[2m | test/components/LoginForm.test.tsx[2m > [22m[2mLoginForm[2m > [22m[2m搴旇姝ｇ‘澶勭悊缃戠粶閿欒[22m[39m
<empty line>
[90mstdout[2m | test/components/LoginForm.test.tsx[2m > [22m[2mLoginForm[2m > [22m[2m搴旇姝ｇ‘澶勭悊缃戠粶閿欒[22m[39m
Current DOM: <div><div class="login-form-container"><div class="login-form"><div class="form-header"><h2 class="form-title">瀵嗙爜鐧诲綍</h2><span class="form-subtitle active">鐭俊鐧诲綍</span></div><div class="form-content"><div class="input-group"><input type="tel" class="form-input" placeholder="璇疯緭鍏ユ墜鏈哄彿" value="13800138000"></div><div class="input-group verification-group"><input type="text" class="form-input verification-input" placeholder="璇疯緭鍏ラ獙璇佺爜" value="123456"><button class="verification-btn ">鑾峰彇楠岃瘉鐮?/button></div><div class="form-options"><label class="checkbox-label"><input type="checkbox"><span class="checkbox-text">鑷姩鐧诲綍</span></label><a href="#" class="forgot-password">蹇樿鐧诲綍瀵嗙爜锛?/a></div><button class="login-btn ">鐧诲綍</button><div class="register-link"><span>鏂扮敤鎴凤紵</span><button class="register-btn">鍏嶈垂娉ㄥ唽</button></div></div></div></div></div>

[90mstderr[2m | test/components/LoginForm.test.tsx[2m > [22m[2mLoginForm[2m > [22m[2m搴旇姝ｇ‘澶勭悊缃戠粶閿欒[22m[39m
<empty line>
[90mstdout[2m | test/components/LoginForm.test.tsx[2m > [22m[2mLoginForm[2m > [22m[2m搴旇姝ｇ‘澶勭悊缃戠粶閿欒[22m[39m
Current DOM: <div><div class="login-form-container"><div class="login-form"><div class="form-header"><h2 class="form-title">瀵嗙爜鐧诲綍</h2><span class="form-subtitle active">鐭俊鐧诲綍</span></div><div class="form-content"><div class="input-group"><input type="tel" class="form-input" placeholder="璇疯緭鍏ユ墜鏈哄彿" value="13800138000"></div><div class="input-group verification-group"><input type="text" class="form-input verification-input" placeholder="璇疯緭鍏ラ獙璇佺爜" value="123456"><button class="verification-btn ">鑾峰彇楠岃瘉鐮?/button></div><div class="form-options"><label class="checkbox-label"><input type="checkbox"><span class="checkbox-text">鑷姩鐧诲綍</span></label><a href="#" class="forgot-password">蹇樿鐧诲綍瀵嗙爜锛?/a></div><button class="login-btn ">鐧诲綍</button><div class="register-link"><span>鏂扮敤鎴凤紵</span><button class="register-btn">鍏嶈垂娉ㄥ唽</button></div></div></div></div></div>

[90mstderr[2m | test/components/LoginForm.test.tsx[2m > [22m[2mLoginForm[2m > [22m[2m搴旇姝ｇ‘澶勭悊缃戠粶閿欒[22m[39m
<empty line>
[90mstdout[2m | test/components/LoginForm.test.tsx[2m > [22m[2mLoginForm[2m > [22m[2m搴旇姝ｇ‘澶勭悊缃戠粶閿欒[22m[39m
Current DOM: <div><div class="login-form-container"><div class="login-form"><div class="form-header"><h2 class="form-title">瀵嗙爜鐧诲綍</h2><span class="form-subtitle active">鐭俊鐧诲綍</span></div><div class="form-content"><div class="input-group"><input type="tel" class="form-input" placeholder="璇疯緭鍏ユ墜鏈哄彿" value="13800138000"></div><div class="input-group verification-group"><input type="text" class="form-input verification-input" placeholder="璇疯緭鍏ラ獙璇佺爜" value="123456"><button class="verification-btn ">鑾峰彇楠岃瘉鐮?/button></div><div class="form-options"><label class="checkbox-label"><input type="checkbox"><span class="checkbox-text">鑷姩鐧诲綍</span></label><a href="#" class="forgot-password">蹇樿鐧诲綍瀵嗙爜锛?/a></div><button class="login-btn ">鐧诲綍</button><div class="register-link"><span>鏂扮敤鎴凤紵</span><button class="register-btn">鍏嶈垂娉ㄥ唽</button></div></div></div></div></div>

[90mstderr[2m | test/components/LoginForm.test.tsx[2m > [22m[2mLoginForm[2m > [22m[2m搴旇姝ｇ‘澶勭悊缃戠粶閿欒[22m[39m
<empty line>
[90mstdout[2m | test/components/LoginForm.test.tsx[2m > [22m[2mLoginForm[2m > [22m[2m搴旇姝ｇ‘澶勭悊缃戠粶閿欒[22m[39m
Current DOM: <div><div class="login-form-container"><div class="login-form"><div class="form-header"><h2 class="form-title">瀵嗙爜鐧诲綍</h2><span class="form-subtitle active">鐭俊鐧诲綍</span></div><div class="form-content"><div class="input-group"><input type="tel" class="form-input" placeholder="璇疯緭鍏ユ墜鏈哄彿" value="13800138000"></div><div class="input-group verification-group"><input type="text" class="form-input verification-input" placeholder="璇疯緭鍏ラ獙璇佺爜" value="123456"><button class="verification-btn ">鑾峰彇楠岃瘉鐮?/button></div><div class="form-options"><label class="checkbox-label"><input type="checkbox"><span class="checkbox-text">鑷姩鐧诲綍</span></label><a href="#" class="forgot-password">蹇樿鐧诲綍瀵嗙爜锛?/a></div><button class="login-btn ">鐧诲綍</button><div class="register-link"><span>鏂扮敤鎴凤紵</span><button class="register-btn">鍏嶈垂娉ㄥ唽</button></div></div></div></div></div>

[90mstderr[2m | test/components/LoginForm.test.tsx[2m > [22m[2mLoginForm[2m > [22m[2m搴旇姝ｇ‘澶勭悊缃戠粶閿欒[22m[39m
<empty line>
[90mstdout[2m | test/components/LoginForm.test.tsx[2m > [22m[2mLoginForm[2m > [22m[2m搴旇姝ｇ‘澶勭悊缃戠粶閿欒[22m[39m
Current DOM: <div><div class="login-form-container"><div class="login-form"><div class="form-header"><h2 class="form-title">瀵嗙爜鐧诲綍</h2><span class="form-subtitle active">鐭俊鐧诲綍</span></div><div class="form-content"><div class="input-group"><input type="tel" class="form-input" placeholder="璇疯緭鍏ユ墜鏈哄彿" value="13800138000"></div><div class="input-group verification-group"><input type="text" class="form-input verification-input" placeholder="璇疯緭鍏ラ獙璇佺爜" value="123456"><button class="verification-btn ">鑾峰彇楠岃瘉鐮?/button></div><div class="form-options"><label class="checkbox-label"><input type="checkbox"><span class="checkbox-text">鑷姩鐧诲綍</span></label><a href="#" class="forgot-password">蹇樿鐧诲綍瀵嗙爜锛?/a></div><button class="login-btn ">鐧诲綍</button><div class="register-link"><span>鏂扮敤鎴凤紵</span><button class="register-btn">鍏嶈垂娉ㄥ唽</button></div></div></div></div></div>

[90mstderr[2m | test/components/LoginForm.test.tsx[2m > [22m[2mLoginForm[2m > [22m[2m搴旇姝ｇ‘澶勭悊缃戠粶閿欒[22m[39m
<empty line>
[90mstdout[2m | test/components/LoginForm.test.tsx[2m > [22m[2mLoginForm[2m > [22m[2m搴旇姝ｇ‘澶勭悊缃戠粶閿欒[22m[39m
Current DOM: <div><div class="login-form-container"><div class="login-form"><div class="form-header"><h2 class="form-title">瀵嗙爜鐧诲綍</h2><span class="form-subtitle active">鐭俊鐧诲綍</span></div><div class="form-content"><div class="input-group"><input type="tel" class="form-input" placeholder="璇疯緭鍏ユ墜鏈哄彿" value="13800138000"></div><div class="input-group verification-group"><input type="text" class="form-input verification-input" placeholder="璇疯緭鍏ラ獙璇佺爜" value="123456"><button class="verification-btn ">鑾峰彇楠岃瘉鐮?/button></div><div class="form-options"><label class="checkbox-label"><input type="checkbox"><span class="checkbox-text">鑷姩鐧诲綍</span></label><a href="#" class="forgot-password">蹇樿鐧诲綍瀵嗙爜锛?/a></div><button class="login-btn ">鐧诲綍</button><div class="register-link"><span>鏂扮敤鎴凤紵</span><button class="register-btn">鍏嶈垂娉ㄥ唽</button></div></div></div></div></div>

[90mstderr[2m | test/components/LoginForm.test.tsx[2m > [22m[2mLoginForm[2m > [22m[2m搴旇姝ｇ‘澶勭悊缃戠粶閿欒[22m[39m
<empty line>
[90mstdout[2m | test/components/LoginForm.test.tsx[2m > [22m[2mLoginForm[2m > [22m[2m搴旇姝ｇ‘澶勭悊缃戠粶閿欒[22m[39m
Current DOM: <div><div class="login-form-container"><div class="login-form"><div class="form-header"><h2 class="form-title">瀵嗙爜鐧诲綍</h2><span class="form-subtitle active">鐭俊鐧诲綍</span></div><div class="form-content"><div class="input-group"><input type="tel" class="form-input" placeholder="璇疯緭鍏ユ墜鏈哄彿" value="13800138000"></div><div class="input-group verification-group"><input type="text" class="form-input verification-input" placeholder="璇疯緭鍏ラ獙璇佺爜" value="123456"><button class="verification-btn ">鑾峰彇楠岃瘉鐮?/button></div><div class="form-options"><label class="checkbox-label"><input type="checkbox"><span class="checkbox-text">鑷姩鐧诲綍</span></label><a href="#" class="forgot-password">蹇樿鐧诲綍瀵嗙爜锛?/a></div><button class="login-btn ">鐧诲綍</button><div class="register-link"><span>鏂扮敤鎴凤紵</span><button class="register-btn">鍏嶈垂娉ㄥ唽</button></div></div></div></div></div>

[90mstderr[2m | test/components/LoginForm.test.tsx[2m > [22m[2mLoginForm[2m > [22m[2m搴旇姝ｇ‘澶勭悊缃戠粶閿欒[22m[39m
<empty line>
[90mstdout[2m | test/components/LoginForm.test.tsx[2m > [22m[2mLoginForm[2m > [22m[2m搴旇姝ｇ‘澶勭悊缃戠粶閿欒[22m[39m
Current DOM: <div><div class="login-form-container"><div class="login-form"><div class="form-header"><h2 class="form-title">瀵嗙爜鐧诲綍</h2><span class="form-subtitle active">鐭俊鐧诲綍</span></div><div class="form-content"><div class="input-group"><input type="tel" class="form-input" placeholder="璇疯緭鍏ユ墜鏈哄彿" value="13800138000"></div><div class="input-group verification-group"><input type="text" class="form-input verification-input" placeholder="璇疯緭鍏ラ獙璇佺爜" value="123456"><button class="verification-btn ">鑾峰彇楠岃瘉鐮?/button></div><div class="form-options"><label class="checkbox-label"><input type="checkbox"><span class="checkbox-text">鑷姩鐧诲綍</span></label><a href="#" class="forgot-password">蹇樿鐧诲綍瀵嗙爜锛?/a></div><button class="login-btn ">鐧诲綍</button><div class="register-link"><span>鏂扮敤鎴凤紵</span><button class="register-btn">鍏嶈垂娉ㄥ唽</button></div></div></div></div></div>

[90mstderr[2m | test/components/LoginForm.test.tsx[2m > [22m[2mLoginForm[2m > [22m[2m搴旇姝ｇ‘澶勭悊缃戠粶閿欒[22m[39m
<empty line>
[90mstdout[2m | test/components/LoginForm.test.tsx[2m > [22m[2mLoginForm[2m > [22m[2m搴旇姝ｇ‘澶勭悊缃戠粶閿欒[22m[39m
Current DOM: <div><div class="login-form-container"><div class="login-form"><div class="form-header"><h2 class="form-title">瀵嗙爜鐧诲綍</h2><span class="form-subtitle active">鐭俊鐧诲綍</span></div><div class="form-content"><div class="input-group"><input type="tel" class="form-input" placeholder="璇疯緭鍏ユ墜鏈哄彿" value="13800138000"></div><div class="input-group verification-group"><input type="text" class="form-input verification-input" placeholder="璇疯緭鍏ラ獙璇佺爜" value="123456"><button class="verification-btn ">鑾峰彇楠岃瘉鐮?/button></div><div class="form-options"><label class="checkbox-label"><input type="checkbox"><span class="checkbox-text">鑷姩鐧诲綍</span></label><a href="#" class="forgot-password">蹇樿鐧诲綍瀵嗙爜锛?/a></div><button class="login-btn ">鐧诲綍</button><div class="register-link"><span>鏂扮敤鎴凤紵</span><button class="register-btn">鍏嶈垂娉ㄥ唽</button></div></div></div></div></div>

[90mstdout[2m | test/components/LoginForm.test.tsx[2m > [22m[2mLoginForm[2m > [22m[2m搴旇姝ｇ‘澶勭悊缃戠粶閿欒[22m[39m
Current DOM: <div><div class="login-form-container"><div class="login-form"><div class="form-header"><h2 class="form-title">瀵嗙爜鐧诲綍</h2><span class="form-subtitle active">鐭俊鐧诲綍</span></div><div class="form-content"><div class="input-group"><input type="tel" class="form-input" placeholder="璇疯緭鍏ユ墜鏈哄彿" value="13800138000"></div><div class="input-group verification-group"><input type="text" class="form-input verification-input" placeholder="璇疯緭鍏ラ獙璇佺爜" value="123456"><button class="verification-btn ">鑾峰彇楠岃瘉鐮?/button></div><div class="form-options"><label class="checkbox-label"><input type="checkbox"><span class="checkbox-text">鑷姩鐧诲綍</span></label><a href="#" class="forgot-password">蹇樿鐧诲綍瀵嗙爜锛?/a></div><button class="login-btn ">鐧诲綍</button><div class="register-link"><span>鏂扮敤鎴凤紵</span><button class="register-btn">鍏嶈垂娉ㄥ唽</button></div></div></div></div></div>

[90mstderr[2m | test/components/LoginForm.test.tsx[2m > [22m[2mLoginForm[2m > [22m[2m搴旇姝ｇ‘澶勭悊缃戠粶閿欒[22m[39m
<empty line>
[90mstderr[2m | test/components/LoginForm.test.tsx[2m > [22m[2mLoginForm[2m > [22m[2m搴旇姝ｇ‘澶勭悊缃戠粶閿欒[22m[39m
<empty line>
[90mstdout[2m | test/components/LoginForm.test.tsx[2m > [22m[2mLoginForm[2m > [22m[2m搴旇姝ｇ‘澶勭悊缃戠粶閿欒[22m[39m
Current DOM: <div><div class="login-form-container"><div class="login-form"><div class="form-header"><h2 class="form-title">瀵嗙爜鐧诲綍</h2><span class="form-subtitle active">鐭俊鐧诲綍</span></div><div class="form-content"><div class="input-group"><input type="tel" class="form-input" placeholder="璇疯緭鍏ユ墜鏈哄彿" value="13800138000"></div><div class="input-group verification-group"><input type="text" class="form-input verification-input" placeholder="璇疯緭鍏ラ獙璇佺爜" value="123456"><button class="verification-btn ">鑾峰彇楠岃瘉鐮?/button></div><div class="form-options"><label class="checkbox-label"><input type="checkbox"><span class="checkbox-text">鑷姩鐧诲綍</span></label><a href="#" class="forgot-password">蹇樿鐧诲綍瀵嗙爜锛?/a></div><button class="login-btn ">鐧诲綍</button><div class="register-link"><span>鏂扮敤鎴凤紵</span><button class="register-btn">鍏嶈垂娉ㄥ唽</button></div></div></div></div></div>

[90mstderr[2m | test/components/LoginForm.test.tsx[2m > [22m[2mLoginForm[2m > [22m[2m搴旇姝ｇ‘澶勭悊缃戠粶閿欒[22m[39m
<empty line>
[90mstdout[2m | test/components/LoginForm.test.tsx[2m > [22m[2mLoginForm[2m > [22m[2m搴旇姝ｇ‘澶勭悊缃戠粶閿欒[22m[39m
Current DOM: <div><div class="login-form-container"><div class="login-form"><div class="form-header"><h2 class="form-title">瀵嗙爜鐧诲綍</h2><span class="form-subtitle active">鐭俊鐧诲綍</span></div><div class="form-content"><div class="input-group"><input type="tel" class="form-input" placeholder="璇疯緭鍏ユ墜鏈哄彿" value="13800138000"></div><div class="input-group verification-group"><input type="text" class="form-input verification-input" placeholder="璇疯緭鍏ラ獙璇佺爜" value="123456"><button class="verification-btn ">鑾峰彇楠岃瘉鐮?/button></div><div class="form-options"><label class="checkbox-label"><input type="checkbox"><span class="checkbox-text">鑷姩鐧诲綍</span></label><a href="#" class="forgot-password">蹇樿鐧诲綍瀵嗙爜锛?/a></div><button class="login-btn ">鐧诲綍</button><div class="register-link"><span>鏂扮敤鎴凤紵</span><button class="register-btn">鍏嶈垂娉ㄥ唽</button></div></div></div></div></div>

[90mstderr[2m | test/components/LoginForm.test.tsx[2m > [22m[2mLoginForm[2m > [22m[2m搴旇姝ｇ‘澶勭悊缃戠粶閿欒[22m[39m
<empty line>
[90mstdout[2m | test/components/LoginForm.test.tsx[2m > [22m[2mLoginForm[2m > [22m[2m搴旇姝ｇ‘澶勭悊缃戠粶閿欒[22m[39m
Current DOM: <div><div class="login-form-container"><div class="login-form"><div class="form-header"><h2 class="form-title">瀵嗙爜鐧诲綍</h2><span class="form-subtitle active">鐭俊鐧诲綍</span></div><div class="form-content"><div class="input-group"><input type="tel" class="form-input" placeholder="璇疯緭鍏ユ墜鏈哄彿" value="13800138000"></div><div class="input-group verification-group"><input type="text" class="form-input verification-input" placeholder="璇疯緭鍏ラ獙璇佺爜" value="123456"><button class="verification-btn ">鑾峰彇楠岃瘉鐮?/button></div><div class="form-options"><label class="checkbox-label"><input type="checkbox"><span class="checkbox-text">鑷姩鐧诲綍</span></label><a href="#" class="forgot-password">蹇樿鐧诲綍瀵嗙爜锛?/a></div><button class="login-btn ">鐧诲綍</button><div class="register-link"><span>鏂扮敤鎴凤紵</span><button class="register-btn">鍏嶈垂娉ㄥ唽</button></div></div></div></div></div>

 [33m鉂?[39m test/components/LoginForm.test.tsx [2m ([22m[2m8 tests[22m [2m|[22m [31m4 failed[39m[2m)[22m[33m 8189[2mms[22m[39m
[31m   [33m鉂?[31m test/components/LoginForm.test.tsx[2m > [22mLoginForm[2m > [22m鐧诲綍鏃跺簲璇ユ樉绀哄姞杞界姸鎬侊紝鎸夐挳鍙樹负涓嶅彲鐐瑰嚮[39m
[31m     鈫?Unable to find an element with the text: 鐧诲綍涓?... This could be because the text is broken up by multiple elements. In this case, you can provide a function for your text matcher to make your matcher more flexible.

Ignored nodes: comments, script, style
[36m<body>[31m
  [36m<div>[31m
    [36m<div[31m
      [33mclass[31m=[32m"login-form-container"[31m
    [36m>[31m
      [36m<div[31m
        [33mclass[31m=[32m"login-form"[31m
      [36m>[31m
        [36m<div[31m
          [33mclass[31m=[32m"form-header"[31m
        [36m>[31m
          [36m<h2[31m
            [33mclass[31m=[32m"form-title"[31m
          [36m>[31m
            [0m瀵嗙爜鐧诲綍[0m
          [36m</h2>[31m
          [36m<span[31m
            [33mclass[31m=[32m"form-subtitle active"[31m
          [36m>[31m
            [0m鐭俊鐧诲綍[0m
          [36m</span>[31m
        [36m</div>[31m
        [36m<div[31m
          [33mclass[31m=[32m"form-content"[31m
        [36m>[31m
          [36m<div[31m
            [33mclass[31m=[32m"input-group"[31m
          [36m>[31m
            [36m<input[31m
              [33mclass[31m=[32m"form-input"[31m
              [33mplaceholder[31m=[32m"璇疯緭鍏ユ墜鏈哄彿"[31m
              [33mtype[31m=[32m"tel"[31m
              [33mvalue[31m=[32m"13800138000"[31m
            [36m/>[31m
          [36m</div>[31m
          [36m<div[31m
            [33mclass[31m=[32m"input-group verification-group"[31m
          [36m>[31m
            [36m<input[31m
              [33mclass[31m=[32m"form-input verification-input"[31m
              [33mplaceholder[31m=[32m"璇疯緭鍏ラ獙璇佺爜"[31m
              [33mtype[31m=[32m"text"[31m
              [33mvalue[31m=[32m"123456"[31m
            [36m/>[31m
            [36m<button[31m
              [33mclass[31m=[32m"verification-btn "[31m
            [36m>[31m
              [0m鑾峰彇楠岃瘉鐮?[0m
            [36m</button>[31m
          [36m</div>[31m
          [36m<div[31m
            [33mclass[31m=[32m"form-options"[31m
          [36m>[31m
            [36m<label[31m
              [33mclass[31m=[32m"checkbox-label"[31m
            [36m>[31m
              [36m<input[31m
                [33mtype[31m=[32m"checkbox"[31m
              [36m/>[31m
              [36m<span[31m
                [33mclass[31m=[32m"checkbox-text"[31m
              [36m>[31m
                [0m鑷姩鐧诲綍[0m
              [36m</span>[31m
            [36m</label>[31m
            [36m<a[31m
              [33mclass[31m=[32m"forgot-password"[31m
              [33mhref[31m=[32m"#"[31m
            [36m>[31m
              [0m蹇樿鐧诲綍瀵嗙爜锛?[0m
            [36m</a>[31m
          [36m</div>[31m
          [36m<button[31m
            [33mclass[31m=[32m"login-btn "[31m
          [36m>[31m
            [0m鐧诲綍[0m
          [36m</button>[31m
          [36m<div[31m
            [33mclass[31m=[32m"register-link"[31m
          [36m>[31m
            [36m<span>[31m
              [0m鏂扮敤鎴凤紵[0m
            [36m</span>[31m
            [36m<button[31m
              [33mclass[31m=[32m"register-btn"[31m
            [36m>[31m
              [0m鍏嶈垂娉ㄥ唽[0m
            [36m</button>[31m
          [36m</div>[31m
        [36m</div>[31m
      [36m</div>[31m
    [36m</div>[31m
  [36m</div>[31m
[36m</body>[31m

Ignored nodes: comments, script, style
[36m<html>[31m
  [36m<head />[31m
  [36m<body>[31m
    [36m<div>[31m
      [36m<div[31m
        [33mclass[31m=[32m"login-form-container"[31m
      [36m>[31m
        [36m<div[31m
          [33mclass[31m=[32m"login-form"[31m
        [36m>[31m
          [36m<div[31m
            [33mclass[31m=[32m"form-header"[31m
          [36m>[31m
            [36m<h2[31m
              [33mclass[31m=[32m"form-title"[31m
            [36m>[31m
              [0m瀵嗙爜鐧诲綍[0m
            [36m</h2>[31m
            [36m<span[31m
              [33mclass[31m=[32m"form-subtitle active"[31m
            [36m>[31m
              [0m鐭俊鐧诲綍[0m
            [36m</span>[31m
          [36m</div>[31m
          [36m<div[31m
            [33mclass[31m=[32m"form-content"[31m
          [36m>[31m
            [36m<div[31m
              [33mclass[31m=[32m"input-group"[31m
            [36m>[31m
              [36m<input[31m
                [33mclass[31m=[32m"form-input"[31m
                [33mplaceholder[31m=[32m"璇疯緭鍏ユ墜鏈哄彿"[31m
                [33mtype[31m=[32m"tel"[31m
                [33mvalue[31m=[32m"13800138000"[31m
              [36m/>[31m
            [36m</div>[31m
            [36m<div[31m
              [33mclass[31m=[32m"input-group verification-group"[31m
            [36m>[31m
              [36m<input[31m
                [33mclass[31m=[32m"form-input verification-input"[31m
                [33mplaceholder[31m=[32m"璇疯緭鍏ラ獙璇佺爜"[31m
                [33mtype[31m=[32m"text"[31m
                [33mvalue[31m=[32m"123456"[31m
              [36m/>[31m
              [36m<button[31m
                [33mclass[31m=[32m"verification-btn "[31m
              [36m>[31m
                [0m鑾峰彇楠岃瘉鐮?[0m
              [36m</button>[31m
            [36m</div>[31m
            [36m<div[31m
              [33mclass[31m=[32m"form-options"[31m
            [36m>[31m
              [36m<label[31m
                [33mclass[31m=[32m"checkbox-label"[31m
              [36m>[31m
                [36m<input[31m
                  [33mtype[31m=[32m"checkbox"[31m
                [36m/>[31m
                [36m<span[31m
                  [33mclass[31m=[32m"checkbox-text"[31m
                [36m>[31m
                  [0m鑷姩鐧诲綍[0m
                [36m</span>[31m
              [36m</label>[31m
              [36m<a[31m
                [33mclass[31m=[32m"forgot-password"[31m
                [33mhref[31m=[32m"#"[31m
              [36m>[31m
                [0m蹇樿鐧诲綍瀵嗙爜锛?[0m
              [36m</a>[31m
            [36m</div>[31m
            [36m<button[31m
              [33mclass[31m=[32m"login-btn "[31m
            [36m>[31m
              [0m鐧诲綍[0m
            [36m</button>[31m
            [36m<div[31m
              [33mclass[31m=[32m"register-link"[31m
            [36m>[31m
              [36m<span>[31m
                [0m鏂扮敤鎴凤紵[0m
              [36m</span>[31m
              [36m<button[31m
                [33mclass[31m=[32m"register-btn"[31m
              [36m>[31m
                [0m鍏嶈垂娉ㄥ唽[0m
              [36m</button>[31m
            [36m</div>[31m
          [36m</div>[31m
        [36m</div>[31m
      [36m</div>[31m
    [36m</div>[31m
  [36m</body>[31m
[36m</html>[31m[39m
[31m   [33m鉂?[31m test/components/LoginForm.test.tsx[2m > [22mLoginForm[2m > [22m搴旇鏍规嵁API鍝嶅簲鏄剧ず鐩稿簲鐨勯敊璇垨鎴愬姛娑堟伅[39m
[31m     鈫?Unable to find an element with the text: 楠岃瘉鐮侀敊璇垨宸茶繃鏈? This could be because the text is broken up by multiple elements. In this case, you can provide a function for your text matcher to make your matcher more flexible.

Ignored nodes: comments, script, style
[36m<body>[31m
  [36m<div>[31m
    [36m<div[31m
      [33mclass[31m=[32m"login-form-container"[31m
    [36m>[31m
      [36m<div[31m
        [33mclass[31m=[32m"login-form"[31m
      [36m>[31m
        [36m<div[31m
          [33mclass[31m=[32m"form-header"[31m
        [36m>[31m
          [36m<h2[31m
            [33mclass[31m=[32m"form-title"[31m
          [36m>[31m
            [0m瀵嗙爜鐧诲綍[0m
          [36m</h2>[31m
          [36m<span[31m
            [33mclass[31m=[32m"form-subtitle active"[31m
          [36m>[31m
            [0m鐭俊鐧诲綍[0m
          [36m</span>[31m
        [36m</div>[31m
        [36m<div[31m
          [33mclass[31m=[32m"form-content"[31m
        [36m>[31m
          [36m<div[31m
            [33mclass[31m=[32m"input-group"[31m
          [36m>[31m
            [36m<input[31m
              [33mclass[31m=[32m"form-input"[31m
              [33mplaceholder[31m=[32m"璇疯緭鍏ユ墜鏈哄彿"[31m
              [33mtype[31m=[32m"tel"[31m
              [33mvalue[31m=[32m"13800138000"[31m
            [36m/>[31m
          [36m</div>[31m
          [36m<div[31m
            [33mclass[31m=[32m"input-group verification-group"[31m
          [36m>[31m
            [36m<input[31m
              [33mclass[31m=[32m"form-input verification-input"[31m
              [33mplaceholder[31m=[32m"璇疯緭鍏ラ獙璇佺爜"[31m
              [33mtype[31m=[32m"text"[31m
              [33mvalue[31m=[32m"000000"[31m
            [36m/>[31m
            [36m<button[31m
              [33mclass[31m=[32m"verification-btn "[31m
            [36m>[31m
              [0m鑾峰彇楠岃瘉鐮?[0m
            [36m</button>[31m
          [36m</div>[31m
          [36m<div[31m
            [33mclass[31m=[32m"form-options"[31m
          [36m>[31m
            [36m<label[31m
              [33mclass[31m=[32m"checkbox-label"[31m
            [36m>[31m
              [36m<input[31m
                [33mtype[31m=[32m"checkbox"[31m
              [36m/>[31m
              [36m<span[31m
                [33mclass[31m=[32m"checkbox-text"[31m
              [36m>[31m
                [0m鑷姩鐧诲綍[0m
              [36m</span>[31m
            [36m</label>[31m
            [36m<a[31m
              [33mclass[31m=[32m"forgot-password"[31m
              [33mhref[31m=[32m"#"[31m
            [36m>[31m
              [0m蹇樿鐧诲綍瀵嗙爜锛?[0m
            [36m</a>[31m
          [36m</div>[31m
          [36m<button[31m
            [33mclass[31m=[32m"login-btn "[31m
          [36m>[31m
            [0m鐧诲綍[0m
          [36m</button>[31m
          [36m<div[31m
            [33mclass[31m=[32m"register-link"[31m
          [36m>[31m
            [36m<span>[31m
              [0m鏂扮敤鎴凤紵[0m
            [36m</span>[31m
            [36m<button[31m
              [33mclass[31m=[32m"register-btn"[31m
            [36m>[31m
              [0m鍏嶈垂娉ㄥ唽[0m
            [36m</button>[31m
          [36m</div>[31m
        [36m</div>[31m
      [36m</div>[31m
    [36m</div>[31m
  [36m</div>[31m
[36m</body>[31m

Ignored nodes: comments, script, style
[36m<html>[31m
  [36m<head />[31m
  [36m<body>[31m
    [36m<div>[31m
      [36m<div[31m
        [33mclass[31m=[32m"login-form-container"[31m
      [36m>[31m
        [36m<div[31m
          [33mclass[31m=[32m"login-form"[31m
        [36m>[31m
          [36m<div[31m
            [33mclass[31m=[32m"form-header"[31m
          [36m>[31m
            [36m<h2[31m
              [33mclass[31m=[32m"form-title"[31m
            [36m>[31m
              [0m瀵嗙爜鐧诲綍[0m
            [36m</h2>[31m
            [36m<span[31m
              [33mclass[31m=[32m"form-subtitle active"[31m
            [36m>[31m
              [0m鐭俊鐧诲綍[0m
            [36m</span>[31m
          [36m</div>[31m
          [36m<div[31m
            [33mclass[31m=[32m"form-content"[31m
          [36m>[31m
            [36m<div[31m
              [33mclass[31m=[32m"input-group"[31m
            [36m>[31m
              [36m<input[31m
                [33mclass[31m=[32m"form-input"[31m
                [33mplaceholder[31m=[32m"璇疯緭鍏ユ墜鏈哄彿"[31m
                [33mtype[31m=[32m"tel"[31m
                [33mvalue[31m=[32m"13800138000"[31m
              [36m/>[31m
            [36m</div>[31m
            [36m<div[31m
              [33mclass[31m=[32m"input-group verification-group"[31m
            [36m>[31m
              [36m<input[31m
                [33mclass[31m=[32m"form-input verification-input"[31m
                [33mplaceholder[31m=[32m"璇疯緭鍏ラ獙璇佺爜"[31m
                [33mtype[31m=[32m"text"[31m
                [33mvalue[31m=[32m"000000"[31m
              [36m/>[31m
              [36m<button[31m
                [33mclass[31m=[32m"verification-btn "[31m
              [36m>[31m
                [0m鑾峰彇楠岃瘉鐮?[0m
              [36m</button>[31m
            [36m</div>[31m
            [36m<div[31m
              [33mclass[31m=[32m"form-options"[31m
            [36m>[31m
              [36m<label[31m
                [33mclass[31m=[32m"checkbox-label"[31m
              [36m>[31m
                [36m<input[31m
                  [33mtype[31m=[32m"checkbox"[31m
                [36m/>[31m
                [36m<span[31m
                  [33mclass[31m=[32m"checkbox-text"[31m
                [36m>[31m
                  [0m鑷姩鐧诲綍[0m
                [36m</span>[31m
              [36m</label>[31m
              [36m<a[31m
                [33mclass[31m=[32m"forgot-password"[31m
                [33mhref[31m=[32m"#"[31m
              [36m>[31m
                [0m蹇樿鐧诲綍瀵嗙爜锛?[0m
              [36m</a>[31m
            [36m</div>[31m
            [36m<button[31m
              [33mclass[31m=[32m"login-btn "[31m
            [36m>[31m
              [0m鐧诲綍[0m
            [36m</button>[31m
            [36m<div[31m
              [33mclass[31m=[32m"register-link"[31m
            [36m>[31m
              [36m<span>[31m
                [0m鏂扮敤鎴凤紵[0m
              [36m</span>[31m
              [36m<button[31m
                [33mclass[31m=[32m"register-btn"[31m
              [36m>[31m
                [0m鍏嶈垂娉ㄥ唽[0m
              [36m</button>[31m
            [36m</div>[31m
          [36m</div>[31m
        [36m</div>[31m
      [36m</div>[31m
    [36m</div>[31m
  [36m</body>[31m
[36m</html>[31m[39m
[31m   [33m鉂?[31m test/components/LoginForm.test.tsx[2m > [22mLoginForm[2m > [22m鐧诲綍鎴愬姛鍚庡簲璇ヨ皟鐢╫nLoginSuccess鍥炶皟[39m
[31m     鈫?expected "spy" to be called with arguments: [ { id: '1', 鈥?2) }, 'mock-jwt-token' ][90m

Received: 
[31m[90m

Number of calls: [1m0[22m
[31m

Ignored nodes: comments, script, style
[36m<html>[31m
  [36m<head />[31m
  [36m<body>[31m
    [36m<div>[31m
      [36m<div[31m
        [33mclass[31m=[32m"login-form-container"[31m
      [36m>[31m
        [36m<div[31m
          [33mclass[31m=[32m"login-form"[31m
        [36m>[31m
          [36m<div[31m
            [33mclass[31m=[32m"form-header"[31m
          [36m>[31m
            [36m<h2[31m
              [33mclass[31m=[32m"form-title"[31m
            [36m>[31m
              [0m瀵嗙爜鐧诲綍[0m
            [36m</h2>[31m
            [36m<span[31m
              [33mclass[31m=[32m"form-subtitle active"[31m
            [36m>[31m
              [0m鐭俊鐧诲綍[0m
            [36m</span>[31m
          [36m</div>[31m
          [36m<div[31m
            [33mclass[31m=[32m"form-content"[31m
          [36m>[31m
            [36m<div[31m
              [33mclass[31m=[32m"input-group"[31m
            [36m>[31m
              [36m<input[31m
                [33mclass[31m=[32m"form-input"[31m
                [33mplaceholder[31m=[32m"璇疯緭鍏ユ墜鏈哄彿"[31m
                [33mtype[31m=[32m"tel"[31m
                [33mvalue[31m=[32m"13800138000"[31m
              [36m/>[31m
            [36m</div>[31m
            [36m<div[31m
              [33mclass[31m=[32m"input-group verification-group"[31m
            [36m>[31m
              [36m<input[31m
                [33mclass[31m=[32m"form-input verification-input"[31m
                [33mplaceholder[31m=[32m"璇疯緭鍏ラ獙璇佺爜"[31m
                [33mtype[31m=[32m"text"[31m
                [33mvalue[31m=[32m"123456"[31m
              [36m/>[31m
              [36m<button[31m
                [33mclass[31m=[32m"verification-btn "[31m
              [36m>[31m
                [0m鑾峰彇楠岃瘉鐮?[0m
              [36m</button>[31m
            [36m</div>[31m
            [36m<div[31m
              [33mclass[31m=[32m"error-message"[31m
            [36m>[31m
              [0m楠岃瘉鐮侀敊璇垨宸茶繃鏈?[0m
            [36m</div>[31m
            [36m<div[31m
              [33mclass[31m=[32m"form-options"[31m
            [36m>[31m
              [36m<label[31m
                [33mclass[31m=[32m"checkbox-label"[31m
              [36m>[31m
                [36m<input[31m
                  [33mtype[31m=[32m"checkbox"[31m
                [36m/>[31m
                [36m<span[31m
                  [33mclass[31m=[32m"checkbox-text"[31m
                [36m>[31m
                  [0m鑷姩鐧诲綍[0m
                [36m</span>[31m
              [36m</label>[31m
              [36m<a[31m
                [33mclass[31m=[32m"forgot-password"[31m
                [33mhref[31m=[32m"#"[31m
              [36m>[31m
                [0m蹇樿鐧诲綍瀵嗙爜锛?[0m
              [36m</a>[31m
            [36m</div>[31m
            [36m<button[31m
              [33mclass[31m=[32m"login-btn "[31m
            [36m>[31m
              [0m鐧诲綍[0m
            [36m</button>[31m
            [36m<div[31m
              [33mclass[31m=[32m"register-link"[31m
            [36m>[31m
              [36m<span>[31m
                [0m鏂扮敤鎴凤紵[0m
              [36m</span>[31m
              [36m<button[31m
                [33mclass[31m=[32m"register-btn"[31m
              [36m>[31m
                [0m鍏嶈垂娉ㄥ唽[0m
              [36m</button>[31m
            [36m</div>[31m
          [36m</div>[31m
        [36m</div>[31m
      [36m</div>[31m
    [36m</div>[31m
  [36m</body>[31m
[36m</html>[31m[39m
[31m   [33m鉂?[31m test/components/LoginForm.test.tsx[2m > [22mLoginForm[2m > [22m搴旇姝ｇ‘澶勭悊缃戠粶閿欒[39m
[31m     鈫?Error message not found

Ignored nodes: comments, script, style
[36m<html>[31m
  [36m<head />[31m
  [36m<body>[31m
    [36m<div>[31m
      [36m<div[31m
        [33mclass[31m=[32m"login-form-container"[31m
      [36m>[31m
        [36m<div[31m
          [33mclass[31m=[32m"login-form"[31m
        [36m>[31m
          [36m<div[31m
            [33mclass[31m=[32m"form-header"[31m
          [36m>[31m
            [36m<h2[31m
              [33mclass[31m=[32m"form-title"[31m
            [36m>[31m
              [0m瀵嗙爜鐧诲綍[0m
            [36m</h2>[31m
            [36m<span[31m
              [33mclass[31m=[32m"form-subtitle active"[31m
            [36m>[31m
              [0m鐭俊鐧诲綍[0m
            [36m</span>[31m
          [36m</div>[31m
          [36m<div[31m
            [33mclass[31m=[32m"form-content"[31m
          [36m>[31m
            [36m<div[31m
              [33mclass[31m=[32m"input-group"[31m
            [36m>[31m
              [36m<input[31m
                [33mclass[31m=[32m"form-input"[31m
                [33mplaceholder[31m=[32m"璇疯緭鍏ユ墜鏈哄彿"[31m
                [33mtype[31m=[32m"tel"[31m
                [33mvalue[31m=[32m"13800138000"[31m
              [36m/>[31m
            [36m</div>[31m
            [36m<div[31m
              [33mclass[31m=[32m"input-group verification-group"[31m
            [36m>[31m
              [36m<input[31m
                [33mclass[31m=[32m"form-input verification-input"[31m
                [33mplaceholder[31m=[32m"璇疯緭鍏ラ獙璇佺爜"[31m
                [33mtype[31m=[32m"text"[31m
                [33mvalue[31m=[32m"123456"[31m
              [36m/>[31m
              [36m<button[31m
                [33mclass[31m=[32m"verification-btn "[31m
              [36m>[31m
                [0m鑾峰彇楠岃瘉鐮?[0m
              [36m</button>[31m
            [36m</div>[31m
            [36m<div[31m
              [33mclass[31m=[32m"form-options"[31m
            [36m>[31m
              [36m<label[31m
                [33mclass[31m=[32m"checkbox-label"[31m
              [36m>[31m
                [36m<input[31m
                  [33mtype[31m=[32m"checkbox"[31m
                [36m/>[31m
                [36m<span[31m
                  [33mclass[31m=[32m"checkbox-text"[31m
                [36m>[31m
                  [0m鑷姩鐧诲綍[0m
                [36m</span>[31m
              [36m</label>[31m
              [36m<a[31m
                [33mclass[31m=[32m"forgot-password"[31m
                [33mhref[31m=[32m"#"[31m
              [36m>[31m
                [0m蹇樿鐧诲綍瀵嗙爜锛?[0m
              [36m</a>[31m
            [36m</div>[31m
            [36m<button[31m
              [33mclass[31m=[32m"login-btn "[31m
            [36m>[31m
              [0m鐧诲綍[0m
            [36m</button>[31m
            [36m<div[31m
              [33mclass[31m=[32m"register-link"[31m
            [36m>[31m
              [36m<span>[31m
                [0m鏂扮敤鎴凤紵[0m
              [36m</span>[31m
              [36m<button[31m
                [33mclass[31m=[32m"register-btn"[31m
              [36m>[31m
                [0m鍏嶈垂娉ㄥ唽[0m
              [36m</button>[31m
            [36m</div>[31m
          [36m</div>[31m
        [36m</div>[31m
      [36m</div>[31m
    [36m</div>[31m
  [36m</body>[31m
[36m</html>[31m[39m

[31m鈳幆鈳幆鈳幆鈳?[1m[7m Failed Tests 4 [27m[22m鈳幆鈳幆鈳幆鈳?[39m

[31m[1m[7m FAIL [27m[22m[39m test/components/LoginForm.test.tsx[2m > [22mLoginForm[2m > [22m鐧诲綍鏃跺簲璇ユ樉绀哄姞杞界姸鎬侊紝鎸夐挳鍙樹负涓嶅彲鐐瑰嚮
[31m[1mTestingLibraryElementError[22m: Unable to find an element with the text: 鐧诲綍涓?... This could be because the text is broken up by multiple elements. In this case, you can provide a function for your text matcher to
 make your matcher more flexible.

Ignored nodes: comments, script, style
[36m<body>[31m
  [36m<div>[31m
    [36m<div[31m
      [33mclass[31m=[32m"login-form-container"[31m
    [36m>[31m
      [36m<div[31m
        [33mclass[31m=[32m"login-form"[31m
      [36m>[31m
        [36m<div[31m
          [33mclass[31m=[32m"form-header"[31m
        [36m>[31m
          [36m<h2[31m
            [33mclass[31m=[32m"form-title"[31m
          [36m>[31m
            [0m瀵嗙爜鐧诲綍[0m
          [36m</h2>[31m
          [36m<span[31m
            [33mclass[31m=[32m"form-subtitle active"[31m
          [36m>[31m
            [0m鐭俊鐧诲綍[0m
          [36m</span>[31m
        [36m</div>[31m
        [36m<div[31m
          [33mclass[31m=[32m"form-content"[31m
        [36m>[31m
          [36m<div[31m
            [33mclass[31m=[32m"input-group"[31m
          [36m>[31m
            [36m<input[31m
              [33mclass[31m=[32m"form-input"[31m
              [33mplaceholder[31m=[32m"璇疯緭鍏ユ墜鏈哄彿"[31m
              [33mtype[31m=[32m"tel"[31m
              [33mvalue[31m=[32m"13800138000"[31m
            [36m/>[31m
          [36m</div>[31m
          [36m<div[31m
            [33mclass[31m=[32m"input-group verification-group"[31m
          [36m>[31m
            [36m<input[31m
              [33mclass[31m=[32m"form-input verification-input"[31m
              [33mplaceholder[31m=[32m"璇疯緭鍏ラ獙璇佺爜"[31m
              [33mtype[31m=[32m"text"[31m
              [33mvalue[31m=[32m"123456"[31m
            [36m/>[31m
            [36m<button[31m
              [33mclass[31m=[32m"verification-btn "[31m
            [36m>[31m
              [0m鑾峰彇楠岃瘉鐮?[0m
            [36m</button>[31m
          [36m</div>[31m
          [36m<div[31m
            [33mclass[31m=[32m"form-options"[31m
          [36m>[31m
            [36m<label[31m
              [33mclass[31m=[32m"checkbox-label"[31m
            [36m>[31m
              [36m<input[31m
                [33mtype[31m=[32m"checkbox"[31m
              [36m/>[31m
              [36m<span[31m
                [33mclass[31m=[32m"checkbox-text"[31m
              [36m>[31m
                [0m鑷姩鐧诲綍[0m
              [36m</span>[31m
            [36m</label>[31m
            [36m<a[31m
              [33mclass[31m=[32m"forgot-password"[31m
              [33mhref[31m=[32m"#"[31m
            [36m>[31m
              [0m蹇樿鐧诲綍瀵嗙爜锛?[0m
            [36m</a>[31m
          [36m</div>[31m
          [36m<button[31m
            [33mclass[31m=[32m"login-btn "[31m
          [36m>[31m
            [0m鐧诲綍[0m
          [36m</button>[31m
          [36m<div[31m
            [33mclass[31m=[32m"register-link"[31m
          [36m>[31m
            [36m<span>[31m
              [0m鏂扮敤鎴凤紵[0m
            [36m</span>[31m
            [36m<button[31m
              [33mclass[31m=[32m"register-btn"[31m
            [36m>[31m
              [0m鍏嶈垂娉ㄥ唽[0m
            [36m</button>[31m
          [36m</div>[31m
        [36m</div>[31m
      [36m</div>[31m
    [36m</div>[31m
  [36m</div>[31m
[36m</body>[31m

Ignored nodes: comments, script, style
[36m<html>[31m
  [36m<head />[31m
  [36m<body>[31m
    [36m<div>[31m
      [36m<div[31m
        [33mclass[31m=[32m"login-form-container"[31m
      [36m>[31m
        [36m<div[31m
          [33mclass[31m=[32m"login-form"[31m
        [36m>[31m
          [36m<div[31m
            [33mclass[31m=[32m"form-header"[31m
          [36m>[31m
            [36m<h2[31m
              [33mclass[31m=[32m"form-title"[31m
            [36m>[31m
              [0m瀵嗙爜鐧诲綍[0m
            [36m</h2>[31m
            [36m<span[31m
              [33mclass[31m=[32m"form-subtitle active"[31m
            [36m>[31m
              [0m鐭俊鐧诲綍[0m
            [36m</span>[31m
          [36m</div>[31m
          [36m<div[31m
            [33mclass[31m=[32m"form-content"[31m
          [36m>[31m
            [36m<div[31m
              [33mclass[31m=[32m"input-group"[31m
            [36m>[31m
              [36m<input[31m
                [33mclass[31m=[32m"form-input"[31m
                [33mplaceholder[31m=[32m"璇疯緭鍏ユ墜鏈哄彿"[31m
                [33mtype[31m=[32m"tel"[31m
                [33mvalue[31m=[32m"13800138000"[31m
              [36m/>[31m
            [36m</div>[31m
            [36m<div[31m
              [33mclass[31m=[32m"input-group verification-group"[31m
            [36m>[31m
              [36m<input[31m
                [33mclass[31m=[32m"form-input verification-input"[31m
                [33mplaceholder[31m=[32m"璇疯緭鍏ラ獙璇佺爜"[31m
                [33mtype[31m=[32m"text"[31m
                [33mvalue[31m=[32m"123456"[31m
              [36m/>[31m
              [36m<button[31m
                [33mclass[31m=[32m"verification-btn "[31m
              [36m>[31m
                [0m鑾峰彇楠岃瘉鐮?[0m
              [36m</button>[31m
            [36m</div>[31m
            [36m<div[31m
              [33mclass[31m=[32m"form-options"[31m
            [36m>[31m
              [36m<label[31m
                [33mclass[31m=[32m"checkbox-label"[31m
              [36m>[31m
                [36m<input[31m
                  [33mtype[31m=[32m"checkbox"[31m
                [36m/>[31m
                [36m<span[31m
                  [33mclass[31m=[32m"checkbox-text"[31m
                [36m>[31m
                  [0m鑷姩鐧诲綍[0m
                [36m</span>[31m
              [36m</label>[31m
              [36m<a[31m
                [33mclass[31m=[32m"forgot-password"[31m
                [33mhref[31m=[32m"#"[31m
              [36m>[31m
                [0m蹇樿鐧诲綍瀵嗙爜锛?[0m
              [36m</a>[31m
            [36m</div>[31m
            [36m<button[31m
              [33mclass[31m=[32m"login-btn "[31m
            [36m>[31m
              [0m鐧诲綍[0m
            [36m</button>[31m
            [36m<div[31m
              [33mclass[31m=[32m"register-link"[31m
            [36m>[31m
              [36m<span>[31m
                [0m鏂扮敤鎴凤紵[0m
              [36m</span>[31m
              [36m<button[31m
                [33mclass[31m=[32m"register-btn"[31m
              [36m>[31m
                [0m鍏嶈垂娉ㄥ唽[0m
              [36m</button>[31m
            [36m</div>[31m
          [36m</div>[31m
        [36m</div>[31m
      [36m</div>[31m
    [36m</div>[31m
  [36m</body>[31m
[36m</html>[31m[39m
[90m [2m鉂?[22m Proxy.waitForWrapper node_modules/@testing-library/react/node_modules/@testing-library/dom/dist/wait-for.js:[2m163:27[22m[39m
[36m [2m鉂?[22m test/components/LoginForm.test.tsx:[2m126:11[22m[39m
    [90m124| [39m
    [90m125| [39m    // 鏍规嵁acceptanceCriteria: 鐧诲綍鏃舵樉绀哄姞杞界姸鎬侊紝鎸夐挳鍙樹负涓嶅彲鐐瑰嚮
    [90m126| [39m    await waitFor(() => {
    [90m   | [39m          [31m^[39m
    [90m127| [39m      expect(screen.getByText('鐧诲綍涓?..')).toBeInTheDocument();
    [90m128| [39m      expect(loginButton).toBeDisabled();

[31m[2m鈳幆鈳幆鈳幆鈳幆鈳幆鈳幆鈳幆鈳幆鈳幆鈳幆鈳幆鈳幆[1/4]鈳?[22m[39m

[31m[1m[7m FAIL [27m[22m[39m test/components/LoginForm.test.tsx[2m > [22mLoginForm[2m > [22m搴旇鏍规嵁API鍝嶅簲鏄剧ず鐩稿簲鐨勯敊璇垨鎴愬姛娑堟伅
[31m[1mTestingLibraryElementError[22m: Unable to find an element with the text: 楠岃瘉鐮侀敊璇垨宸茶繃鏈? This could be because the text is broken up by multiple elements. In this case, you can provide a function for your text matc
her to make your matcher more flexible.

Ignored nodes: comments, script, style
[36m<body>[31m
  [36m<div>[31m
    [36m<div[31m
      [33mclass[31m=[32m"login-form-container"[31m
    [36m>[31m
      [36m<div[31m
        [33mclass[31m=[32m"login-form"[31m
      [36m>[31m
        [36m<div[31m
          [33mclass[31m=[32m"form-header"[31m
        [36m>[31m
          [36m<h2[31m
            [33mclass[31m=[32m"form-title"[31m
          [36m>[31m
            [0m瀵嗙爜鐧诲綍[0m
          [36m</h2>[31m
          [36m<span[31m
            [33mclass[31m=[32m"form-subtitle active"[31m
          [36m>[31m
            [0m鐭俊鐧诲綍[0m
          [36m</span>[31m
        [36m</div>[31m
        [36m<div[31m
          [33mclass[31m=[32m"form-content"[31m
        [36m>[31m
          [36m<div[31m
            [33mclass[31m=[32m"input-group"[31m
          [36m>[31m
            [36m<input[31m
              [33mclass[31m=[32m"form-input"[31m
              [33mplaceholder[31m=[32m"璇疯緭鍏ユ墜鏈哄彿"[31m
              [33mtype[31m=[32m"tel"[31m
              [33mvalue[31m=[32m"13800138000"[31m
            [36m/>[31m
          [36m</div>[31m
          [36m<div[31m
            [33mclass[31m=[32m"input-group verification-group"[31m
          [36m>[31m
            [36m<input[31m
              [33mclass[31m=[32m"form-input verification-input"[31m
              [33mplaceholder[31m=[32m"璇疯緭鍏ラ獙璇佺爜"[31m
              [33mtype[31m=[32m"text"[31m
              [33mvalue[31m=[32m"000000"[31m
            [36m/>[31m
            [36m<button[31m
              [33mclass[31m=[32m"verification-btn "[31m
            [36m>[31m
              [0m鑾峰彇楠岃瘉鐮?[0m
            [36m</button>[31m
          [36m</div>[31m
          [36m<div[31m
            [33mclass[31m=[32m"form-options"[31m
          [36m>[31m
            [36m<label[31m
              [33mclass[31m=[32m"checkbox-label"[31m
            [36m>[31m
              [36m<input[31m
                [33mtype[31m=[32m"checkbox"[31m
              [36m/>[31m
              [36m<span[31m
                [33mclass[31m=[32m"checkbox-text"[31m
              [36m>[31m
                [0m鑷姩鐧诲綍[0m
              [36m</span>[31m
            [36m</label>[31m
            [36m<a[31m
              [33mclass[31m=[32m"forgot-password"[31m
              [33mhref[31m=[32m"#"[31m
            [36m>[31m
              [0m蹇樿鐧诲綍瀵嗙爜锛?[0m
            [36m</a>[31m
          [36m</div>[31m
          [36m<button[31m
            [33mclass[31m=[32m"login-btn "[31m
          [36m>[31m
            [0m鐧诲綍[0m
          [36m</button>[31m
          [36m<div[31m
            [33mclass[31m=[32m"register-link"[31m
          [36m>[31m
            [36m<span>[31m
              [0m鏂扮敤鎴凤紵[0m
            [36m</span>[31m
            [36m<button[31m
              [33mclass[31m=[32m"register-btn"[31m
            [36m>[31m
              [0m鍏嶈垂娉ㄥ唽[0m
            [36m</button>[31m
          [36m</div>[31m
        [36m</div>[31m
      [36m</div>[31m
    [36m</div>[31m
  [36m</div>[31m
[36m</body>[31m

Ignored nodes: comments, script, style
[36m<html>[31m
  [36m<head />[31m
  [36m<body>[31m
    [36m<div>[31m
      [36m<div[31m
        [33mclass[31m=[32m"login-form-container"[31m
      [36m>[31m
        [36m<div[31m
          [33mclass[31m=[32m"login-form"[31m
        [36m>[31m
          [36m<div[31m
            [33mclass[31m=[32m"form-header"[31m
          [36m>[31m
            [36m<h2[31m
              [33mclass[31m=[32m"form-title"[31m
            [36m>[31m
              [0m瀵嗙爜鐧诲綍[0m
            [36m</h2>[31m
            [36m<span[31m
              [33mclass[31m=[32m"form-subtitle active"[31m
            [36m>[31m
              [0m鐭俊鐧诲綍[0m
            [36m</span>[31m
          [36m</div>[31m
          [36m<div[31m
            [33mclass[31m=[32m"form-content"[31m
          [36m>[31m
            [36m<div[31m
              [33mclass[31m=[32m"input-group"[31m
            [36m>[31m
              [36m<input[31m
                [33mclass[31m=[32m"form-input"[31m
                [33mplaceholder[31m=[32m"璇疯緭鍏ユ墜鏈哄彿"[31m
                [33mtype[31m=[32m"tel"[31m
                [33mvalue[31m=[32m"13800138000"[31m
              [36m/>[31m
            [36m</div>[31m
            [36m<div[31m
              [33mclass[31m=[32m"input-group verification-group"[31m
            [36m>[31m
              [36m<input[31m
                [33mclass[31m=[32m"form-input verification-input"[31m
                [33mplaceholder[31m=[32m"璇疯緭鍏ラ獙璇佺爜"[31m
                [33mtype[31m=[32m"text"[31m
                [33mvalue[31m=[32m"000000"[31m
              [36m/>[31m
              [36m<button[31m
                [33mclass[31m=[32m"verification-btn "[31m
              [36m>[31m
                [0m鑾峰彇楠岃瘉鐮?[0m
              [36m</button>[31m
            [36m</div>[31m
            [36m<div[31m
              [33mclass[31m=[32m"form-options"[31m
            [36m>[31m
              [36m<label[31m
                [33mclass[31m=[32m"checkbox-label"[31m
              [36m>[31m
                [36m<input[31m
                  [33mtype[31m=[32m"checkbox"[31m
                [36m/>[31m
                [36m<span[31m
                  [33mclass[31m=[32m"checkbox-text"[31m
                [36m>[31m
                  [0m鑷姩鐧诲綍[0m
                [36m</span>[31m
              [36m</label>[31m
              [36m<a[31m
                [33mclass[31m=[32m"forgot-password"[31m
                [33mhref[31m=[32m"#"[31m
              [36m>[31m
                [0m蹇樿鐧诲綍瀵嗙爜锛?[0m
              [36m</a>[31m
            [36m</div>[31m
            [36m<button[31m
              [33mclass[31m=[32m"login-btn "[31m
            [36m>[31m
              [0m鐧诲綍[0m
            [36m</button>[31m
            [36m<div[31m
              [33mclass[31m=[32m"register-link"[31m
            [36m>[31m
              [36m<span>[31m
                [0m鏂扮敤鎴凤紵[0m
              [36m</span>[31m
              [36m<button[31m
                [33mclass[31m=[32m"register-btn"[31m
              [36m>[31m
                [0m鍏嶈垂娉ㄥ唽[0m
              [36m</button>[31m
            [36m</div>[31m
          [36m</div>[31m
        [36m</div>[31m
      [36m</div>[31m
    [36m</div>[31m
  [36m</body>[31m
[36m</html>[31m[39m
[90m [2m鉂?[22m Proxy.waitForWrapper node_modules/@testing-library/react/node_modules/@testing-library/dom/dist/wait-for.js:[2m163:27[22m[39m
[36m [2m鉂?[22m test/components/LoginForm.test.tsx:[2m157:11[22m[39m
    [90m155| [39m
    [90m156| [39m    // 鏍规嵁acceptanceCriteria: 鏍规嵁API鍝嶅簲鏄剧ず鐩稿簲鐨勯敊璇垨鎴愬姛娑堟伅
    [90m157| [39m    await waitFor(() => {
    [90m   | [39m          [31m^[39m
    [90m158| [39m      expect(screen.getByText('楠岃瘉鐮侀敊璇垨宸茶繃鏈?)).toBeInTheDocument鈥?    [90m159| [39m    });

[31m[2m鈳幆鈳幆鈳幆鈳幆鈳幆鈳幆鈳幆鈳幆鈳幆鈳幆鈳幆鈳幆[2/4]鈳?[22m[39m

[31m[1m[7m FAIL [27m[22m[39m test/components/LoginForm.test.tsx[2m > [22mLoginForm[2m > [22m鐧诲綍鎴愬姛鍚庡簲璇ヨ皟鐢╫nLoginSuccess鍥炶皟
[31m[1mAssertionError[22m: expected "spy" to be called with arguments: [ { id: '1', 鈥?2) }, 'mock-jwt-token' ][90m

Received: 
[31m[90m

Number of calls: [1m0[22m
[31m

Ignored nodes: comments, script, style
[36m<html>[31m
  [36m<head />[31m
  [36m<body>[31m
    [36m<div>[31m
      [36m<div[31m
        [33mclass[31m=[32m"login-form-container"[31m
      [36m>[31m
        [36m<div[31m
          [33mclass[31m=[32m"login-form"[31m
        [36m>[31m
          [36m<div[31m
            [33mclass[31m=[32m"form-header"[31m
          [36m>[31m
            [36m<h2[31m
              [33mclass[31m=[32m"form-title"[31m
            [36m>[31m
              [0m瀵嗙爜鐧诲綍[0m
            [36m</h2>[31m
            [36m<span[31m
              [33mclass[31m=[32m"form-subtitle active"[31m
            [36m>[31m
              [0m鐭俊鐧诲綍[0m
            [36m</span>[31m
          [36m</div>[31m
          [36m<div[31m
            [33mclass[31m=[32m"form-content"[31m
          [36m>[31m
            [36m<div[31m
              [33mclass[31m=[32m"input-group"[31m
            [36m>[31m
              [36m<input[31m
                [33mclass[31m=[32m"form-input"[31m
                [33mplaceholder[31m=[32m"璇疯緭鍏ユ墜鏈哄彿"[31m
                [33mtype[31m=[32m"tel"[31m
                [33mvalue[31m=[32m"13800138000"[31m
              [36m/>[31m
            [36m</div>[31m
            [36m<div[31m
              [33mclass[31m=[32m"input-group verification-group"[31m
            [36m>[31m
              [36m<input[31m
                [33mclass[31m=[32m"form-input verification-input"[31m
                [33mplaceholder[31m=[32m"璇疯緭鍏ラ獙璇佺爜"[31m
                [33mtype[31m=[32m"text"[31m
                [33mvalue[31m=[32m"123456"[31m
              [36m/>[31m
              [36m<button[31m
                [33mclass[31m=[32m"verification-btn "[31m
              [36m>[31m
                [0m鑾峰彇楠岃瘉鐮?[0m
              [36m</button>[31m
            [36m</div>[31m
            [36m<div[31m
              [33mclass[31m=[32m"error-message"[31m
            [36m>[31m
              [0m楠岃瘉鐮侀敊璇垨宸茶繃鏈?[0m
            [36m</div>[31m
            [36m<div[31m
              [33mclass[31m=[32m"form-options"[31m
            [36m>[31m
              [36m<label[31m
                [33mclass[31m=[32m"checkbox-label"[31m
              [36m>[31m
                [36m<input[31m
                  [33mtype[31m=[32m"checkbox"[31m
                [36m/>[31m
                [36m<span[31m
                  [33mclass[31m=[32m"checkbox-text"[31m
                [36m>[31m
                  [0m鑷姩鐧诲綍[0m
                [36m</span>[31m
              [36m</label>[31m
              [36m<a[31m
                [33mclass[31m=[32m"forgot-password"[31m
                [33mhref[31m=[32m"#"[31m
              [36m>[31m
                [0m蹇樿鐧诲綍瀵嗙爜锛?[0m
              [36m</a>[31m
            [36m</div>[31m
            [36m<button[31m
              [33mclass[31m=[32m"login-btn "[31m
            [36m>[31m
              [0m鐧诲綍[0m
            [36m</button>[31m
            [36m<div[31m
              [33mclass[31m=[32m"register-link"[31m
            [36m>[31m
              [36m<span>[31m
                [0m鏂扮敤鎴凤紵[0m
              [36m</span>[31m
              [36m<button[31m
                [33mclass[31m=[32m"register-btn"[31m
              [36m>[31m
                [0m鍏嶈垂娉ㄥ唽[0m
              [36m</button>[31m
            [36m</div>[31m
          [36m</div>[31m
        [36m</div>[31m
      [36m</div>[31m
    [36m</div>[31m
  [36m</body>[31m
[36m</html>[31m[39m
[36m [2m鉂?[22m test/components/LoginForm.test.tsx:[2m199:34[22m[39m
    [90m197| [39m    // 鏍规嵁acceptanceCriteria: 鐧诲綍鎴愬姛鍚庤皟鐢╫nLoginSuccess鍥炶皟骞惰烦杞€?    [90m198| [39m    await waitFor(() => {
    [90m199| [39m      expect(mockOnLoginSuccess).toHaveBeenCalledWith(mockUserInfo, mo鈥?    [90m   | [39m                                 [31m^[39m
    [90m200| [39m    });
    [90m201| [39m  });
[90m [2m鉂?[22m runWithExpensiveErrorDiagnosticsDisabled node_modules/@testing-library/react/node_modules/@testing-library/dom/dist/config.js:[2m47:12[22m[39m
[90m [2m鉂?[22m checkCallback node_modules/@testing-library/react/node_modules/@testing-library/dom/dist/wait-for.js:[2m124:77[22m[39m
[90m [2m鉂?[22m Timeout.checkRealTimersCallback node_modules/@testing-library/react/node_modules/@testing-library/dom/dist/wait-for.js:[2m118:16[22m[39m

[31m[2m鈳幆鈳幆鈳幆鈳幆鈳幆鈳幆鈳幆鈳幆鈳幆鈳幆鈳幆鈳幆[3/4]鈳?[22m[39m

[31m[1m[7m FAIL [27m[22m[39m test/components/LoginForm.test.tsx[2m > [22mLoginForm[2m > [22m搴旇姝ｇ‘澶勭悊缃戠粶閿欒
[31m[1mError[22m: Error message not found

Ignored nodes: comments, script, style
[36m<html>[31m
  [36m<head />[31m
  [36m<body>[31m
    [36m<div>[31m
      [36m<div[31m
        [33mclass[31m=[32m"login-form-container"[31m
      [36m>[31m
        [36m<div[31m
          [33mclass[31m=[32m"login-form"[31m
        [36m>[31m
          [36m<div[31m
            [33mclass[31m=[32m"form-header"[31m
          [36m>[31m
            [36m<h2[31m
              [33mclass[31m=[32m"form-title"[31m
            [36m>[31m
              [0m瀵嗙爜鐧诲綍[0m
            [36m</h2>[31m
            [36m<span[31m
              [33mclass[31m=[32m"form-subtitle active"[31m
            [36m>[31m
              [0m鐭俊鐧诲綍[0m
            [36m</span>[31m
          [36m</div>[31m
          [36m<div[31m
            [33mclass[31m=[32m"form-content"[31m
          [36m>[31m
            [36m<div[31m
              [33mclass[31m=[32m"input-group"[31m
            [36m>[31m
              [36m<input[31m
                [33mclass[31m=[32m"form-input"[31m
                [33mplaceholder[31m=[32m"璇疯緭鍏ユ墜鏈哄彿"[31m
                [33mtype[31m=[32m"tel"[31m
                [33mvalue[31m=[32m"13800138000"[31m
              [36m/>[31m
            [36m</div>[31m
            [36m<div[31m
              [33mclass[31m=[32m"input-group verification-group"[31m
            [36m>[31m
              [36m<input[31m
                [33mclass[31m=[32m"form-input verification-input"[31m
                [33mplaceholder[31m=[32m"璇疯緭鍏ラ獙璇佺爜"[31m
                [33mtype[31m=[32m"text"[31m
                [33mvalue[31m=[32m"123456"[31m
              [36m/>[31m
              [36m<button[31m
                [33mclass[31m=[32m"verification-btn "[31m
              [36m>[31m
                [0m鑾峰彇楠岃瘉鐮?[0m
              [36m</button>[31m
            [36m</div>[31m
            [36m<div[31m
              [33mclass[31m=[32m"form-options"[31m
            [36m>[31m
              [36m<label[31m
                [33mclass[31m=[32m"checkbox-label"[31m
              [36m>[31m
                [36m<input[31m
                  [33mtype[31m=[32m"checkbox"[31m
                [36m/>[31m
                [36m<span[31m
                  [33mclass[31m=[32m"checkbox-text"[31m
                [36m>[31m
                  [0m鑷姩鐧诲綍[0m
                [36m</span>[31m
              [36m</label>[31m
              [36m<a[31m
                [33mclass[31m=[32m"forgot-password"[31m
                [33mhref[31m=[32m"#"[31m
              [36m>[31m
                [0m蹇樿鐧诲綍瀵嗙爜锛?[0m
[2m Test Files [22m [1m[31m1 failed[39m[22m[90m (1)[39m
[2m      Tests [22m [1m[31m4 failed[39m[22m[2m | [22m[1m[32m4 passed[39m[22m[90m (8)[39m
[2m   Start at [22m 15:09:45
[2m   Duration [22m 11.15s[2m (transform 73ms, setup 212ms, collect 539ms, tests 8.19s, environment 810ms, prepare 137ms)[22m

              [36m</a>[31m
            [36m</div>[31m
            [36m<button[31m
              [33mclass[31m=[32m"login-btn "[31m
            [36m>[31m
              [0m鐧诲綍[0m
            [36m</button>[31m
            [36m<div[31m
              [33mclass[31m=[32m"register-link"[31m
            [36m>[31m
              [36m<span>[31m
                [0m鏂扮敤鎴凤紵[0m
              [36m</span>[31m
              [36m<button[31m
                [33mclass[31m=[32m"register-btn"[31m
              [36m>[31m
                [0m鍏嶈垂娉ㄥ唽[0m
              [36m</button>[31m
            [36m</div>[31m
          [36m</div>[31m
        [36m</div>[31m
      [36m</div>[31m
    [36m</div>[31m
  [36m</body>[31m
[36m</html>[31m[39m
[36m [2m鉂?[22m __vite_ssr_import_1__.waitFor.timeout test/components/LoginForm.test.tsx:[2m248:15[22m[39m
    [90m246| [39m        // 濡傛灉娌℃壘鍒伴敊璇秷鎭紝鎵撳嵃褰撳墠DOM鐘舵€佽繘琛岃皟璇?    [90m247| [39m        console.log('Current DOM:', document.body.innerHTML);
    [90m248| [39m        throw new Error('Error message not found');
    [90m   | [39m              [31m^[39m
    [90m249| [39m      }
    [90m250| [39m      expect(errorElement).toBeInTheDocument();
[90m [2m鉂?[22m runWithExpensiveErrorDiagnosticsDisabled node_modules/@testing-library/react/node_modules/@testing-library/dom/dist/config.js:[2m47:12[22m[39m
[90m [2m鉂?[22m checkCallback node_modules/@testing-library/react/node_modules/@testing-library/dom/dist/wait-for.js:[2m124:77[22m[39m
[90m [2m鉂?[22m Timeout.checkRealTimersCallback node_modules/@testing-library/react/node_modules/@testing-library/dom/dist/wait-for.js:[2m118:16[22m[39m

[31m[2m鈳幆鈳幆鈳幆鈳幆鈳幆鈳幆鈳幆鈳幆鈳幆鈳幆鈳幆鈳幆[4/4]鈳?[22m[39m

